[0 : output] Output to be read-from/written-into folder '.', with prefix 'act_planck_desidr2'
[0 : camb] `camb` module loaded successfully from /mnt/project_mnt/farm_fs/mraveri/projects/cobaya/code/CAMB/camb
[0 : bao.desi_dr2.desi_bao_all] Initialized.
[1 : bao.desi_dr2.desi_bao_all] Initialized.
[2 : bao.desi_dr2.desi_bao_all] Initialized.
[3 : bao.desi_dr2.desi_bao_all] Initialized.
[1 : mcmc] Getting initial point... (this may take a few seconds)
[3 : mcmc] Getting initial point... (this may take a few seconds)
[0 : mcmc] Getting initial point... (this may take a few seconds)
[2 : mcmc] Getting initial point... (this may take a few seconds)
[3 : mcmc] Initial point: H0:68.11795, logA:3.051019, ns:0.9668636, ombh2:0.02240836, omch2:0.1188122, tau:0.05879511, A_act:0.9806696, P_act:1.004153
[1 : mcmc] Initial point: H0:67.93715, logA:3.051136, ns:0.9618016, ombh2:0.02252843, omch2:0.1207125, tau:0.05659189, A_act:0.990633, P_act:0.9964475
[2 : mcmc] Initial point: H0:68.08187, logA:3.049568, ns:0.960936, ombh2:0.0223867, omch2:0.1210175, tau:0.06405125, A_act:0.9952373, P_act:1.000342
[0 : mcmc] Initial point: H0:68.09462, logA:3.051733, ns:0.9602452, ombh2:0.02222376, omch2:0.1208094, tau:0.04809898, A_act:0.9990612, P_act:1.018947
[0 : model] Measuring speeds... (this may take a few seconds)
[0 : model] Setting measured speeds (per sec): {planck_2018_lowl.TT: 883.0, planck_2018_lowl.EE_sroll2: 4870.0, act_dr6_cmbonly.PlanckActCut: 412.0, act_dr6_cmbonly: 270.0, bao.desi_dr2.desi_bao_all: 580.0, camb.transfers: 0.197, camb: 0.168}
[0 : mcmc] Dragging with number of interpolating steps:
[0 : mcmc] * 1 : [['H0', 'ombh2', 'omch2', 'tau'], ['logA', 'ns']]
[0 : mcmc] * 6 : [['A_act'], ['P_act']]
[0 : autoselect_covmat] No cached covmat database present, not usable or not up-to-date. Will be re-created and cached.
[0 : mcmc] Covariance matrix selected automatically: /mnt/project_mnt/farm_fs/mraveri/projects/cobaya/data/planck_supp_data_and_covmats/covmats/base_plikHM_TTTEEE_lowl_lowE_post_BAO.covmat
[0 : mcmc] Covariance matrix loaded for params ['ombh2', 'omch2', 'tau', 'logA', 'ns']
[0 : mcmc] Missing proposal covariance for params ['H0', 'A_act', 'P_act']
[0 : mcmc] Covariance matrix not complete. We will start learning the covariance of the proposal earlier: R-1 = 3000 (would be 300 if all params loaded).
[0 : mcmc] Sampling!
[3 : mcmc] Progress @ 2025-04-19 12:05:22 : 1 steps taken, and 0 accepted.
[2 : mcmc] Progress @ 2025-04-19 12:05:27 : 1 steps taken, and 0 accepted.
[1 : mcmc] Progress @ 2025-04-19 12:05:27 : 1 steps taken, and 0 accepted.
[0 : mcmc] Progress @ 2025-04-19 12:05:27 : 1 steps taken, and 0 accepted.
[3 : mcmc] Progress @ 2025-04-19 12:07:23 : 14 steps taken, and 3 accepted.
[2 : mcmc] Progress @ 2025-04-19 12:07:29 : 14 steps taken, and 2 accepted.
[0 : mcmc] Progress @ 2025-04-19 12:07:29 : 14 steps taken, and 6 accepted.
[1 : mcmc] Progress @ 2025-04-19 12:07:35 : 15 steps taken, and 3 accepted.
[2 : mcmc] Progress @ 2025-04-19 12:09:30 : 28 steps taken, and 4 accepted.
[3 : mcmc] Progress @ 2025-04-19 12:09:31 : 28 steps taken, and 5 accepted.
[0 : mcmc] Progress @ 2025-04-19 12:09:32 : 28 steps taken, and 8 accepted.
[1 : mcmc] Progress @ 2025-04-19 12:09:43 : 29 steps taken, and 6 accepted.
[3 : mcmc] Progress @ 2025-04-19 12:11:32 : 41 steps taken, and 7 accepted.
[2 : mcmc] Progress @ 2025-04-19 12:11:33 : 42 steps taken, and 5 accepted.
[0 : mcmc] Progress @ 2025-04-19 12:11:34 : 41 steps taken, and 9 accepted.
[1 : mcmc] Progress @ 2025-04-19 12:11:44 : 42 steps taken, and 9 accepted.
[3 : mcmc] Progress @ 2025-04-19 12:13:33 : 54 steps taken, and 7 accepted.
[2 : mcmc] Progress @ 2025-04-19 12:13:33 : 55 steps taken, and 9 accepted.
[0 : mcmc] Progress @ 2025-04-19 12:13:35 : 54 steps taken, and 11 accepted.
[1 : mcmc] Progress @ 2025-04-19 12:13:45 : 55 steps taken, and 11 accepted.
[3 : mcmc] Progress @ 2025-04-19 12:15:34 : 67 steps taken, and 8 accepted.
[2 : mcmc] Progress @ 2025-04-19 12:15:35 : 69 steps taken, and 10 accepted.
[0 : mcmc] Progress @ 2025-04-19 12:15:36 : 67 steps taken, and 13 accepted.
[1 : mcmc] Progress @ 2025-04-19 12:15:52 : 69 steps taken, and 12 accepted.
[3 : mcmc] Progress @ 2025-04-19 12:17:35 : 80 steps taken, and 10 accepted.
[2 : mcmc] Progress @ 2025-04-19 12:17:41 : 82 steps taken, and 11 accepted.
[0 : mcmc] Progress @ 2025-04-19 12:17:43 : 81 steps taken, and 15 accepted.
[1 : mcmc] Progress @ 2025-04-19 12:17:53 : 82 steps taken, and 12 accepted.
[3 : mcmc] Progress @ 2025-04-19 12:19:36 : 94 steps taken, and 11 accepted.
[0 : mcmc] Progress @ 2025-04-19 12:19:43 : 94 steps taken, and 15 accepted.
[2 : mcmc] Progress @ 2025-04-19 12:19:48 : 96 steps taken, and 12 accepted.
[1 : mcmc] Progress @ 2025-04-19 12:20:00 : 96 steps taken, and 15 accepted.
[3 : mcmc] Progress @ 2025-04-19 12:21:42 : 107 steps taken, and 13 accepted.
[0 : mcmc] Progress @ 2025-04-19 12:21:45 : 107 steps taken, and 17 accepted.
[2 : mcmc] Progress @ 2025-04-19 12:21:49 : 109 steps taken, and 13 accepted.
[1 : mcmc] Progress @ 2025-04-19 12:22:01 : 109 steps taken, and 16 accepted.
[3 : mcmc] Progress @ 2025-04-19 12:23:44 : 121 steps taken, and 14 accepted.
[0 : mcmc] Progress @ 2025-04-19 12:23:52 : 121 steps taken, and 17 accepted.
[2 : mcmc] Progress @ 2025-04-19 12:23:55 : 123 steps taken, and 13 accepted.
[1 : mcmc] Progress @ 2025-04-19 12:24:02 : 123 steps taken, and 19 accepted.
[3 : mcmc] Progress @ 2025-04-19 12:25:49 : 134 steps taken, and 19 accepted.
[0 : mcmc] Progress @ 2025-04-19 12:25:59 : 135 steps taken, and 20 accepted.
[2 : mcmc] Progress @ 2025-04-19 12:26:01 : 136 steps taken, and 14 accepted.
[1 : mcmc] Progress @ 2025-04-19 12:26:08 : 136 steps taken, and 19 accepted.
[3 : mcmc] Progress @ 2025-04-19 12:27:51 : 148 steps taken, and 22 accepted.
[0 : mcmc] Progress @ 2025-04-19 12:28:00 : 148 steps taken, and 21 accepted.
[2 : mcmc] Progress @ 2025-04-19 12:28:02 : 150 steps taken, and 16 accepted.
[1 : mcmc] Progress @ 2025-04-19 12:28:09 : 149 steps taken, and 19 accepted.
[3 : mcmc] Progress @ 2025-04-19 12:29:56 : 161 steps taken, and 24 accepted.
[0 : mcmc] Progress @ 2025-04-19 12:30:00 : 161 steps taken, and 22 accepted.
[2 : mcmc] Progress @ 2025-04-19 12:30:02 : 163 steps taken, and 21 accepted.
[1 : mcmc] Progress @ 2025-04-19 12:30:10 : 163 steps taken, and 21 accepted.
[3 : mcmc] Progress @ 2025-04-19 12:32:02 : 175 steps taken, and 26 accepted.
[0 : mcmc] Progress @ 2025-04-19 12:32:08 : 175 steps taken, and 23 accepted.
[2 : mcmc] Progress @ 2025-04-19 12:32:09 : 177 steps taken, and 21 accepted.
[1 : mcmc] Progress @ 2025-04-19 12:32:15 : 176 steps taken, and 24 accepted.
[3 : mcmc] Progress @ 2025-04-19 12:34:09 : 189 steps taken, and 27 accepted.
[0 : mcmc] Progress @ 2025-04-19 12:34:15 : 189 steps taken, and 26 accepted.
[2 : mcmc] Progress @ 2025-04-19 12:34:15 : 191 steps taken, and 23 accepted.
[1 : mcmc] Progress @ 2025-04-19 12:34:21 : 190 steps taken, and 24 accepted.
[3 : mcmc] Progress @ 2025-04-19 12:36:16 : 203 steps taken, and 29 accepted.
[0 : mcmc] Progress @ 2025-04-19 12:36:17 : 202 steps taken, and 29 accepted.
[2 : mcmc] Progress @ 2025-04-19 12:36:17 : 204 steps taken, and 25 accepted.
[1 : mcmc] Progress @ 2025-04-19 12:36:28 : 204 steps taken, and 27 accepted.
[2 : mcmc] Progress @ 2025-04-19 12:38:18 : 217 steps taken, and 29 accepted.
[3 : mcmc] Progress @ 2025-04-19 12:38:22 : 217 steps taken, and 32 accepted.
[0 : mcmc] Progress @ 2025-04-19 12:38:24 : 216 steps taken, and 30 accepted.
[1 : mcmc] Progress @ 2025-04-19 12:38:28 : 217 steps taken, and 30 accepted.
[2 : mcmc] Progress @ 2025-04-19 12:40:20 : 231 steps taken, and 31 accepted.
[0 : mcmc] Progress @ 2025-04-19 12:40:25 : 229 steps taken, and 32 accepted.
[3 : mcmc] Progress @ 2025-04-19 12:40:27 : 231 steps taken, and 34 accepted.
[1 : mcmc] Progress @ 2025-04-19 12:40:29 : 231 steps taken, and 32 accepted.
[2 : mcmc] Progress @ 2025-04-19 12:42:20 : 243 steps taken, and 32 accepted.
[0 : mcmc] Progress @ 2025-04-19 12:42:27 : 243 steps taken, and 35 accepted.
[3 : mcmc] Progress @ 2025-04-19 12:42:27 : 244 steps taken, and 35 accepted.
[1 : mcmc] Progress @ 2025-04-19 12:42:34 : 244 steps taken, and 35 accepted.
[2 : mcmc] Progress @ 2025-04-19 12:44:26 : 257 steps taken, and 33 accepted.
[0 : mcmc] Progress @ 2025-04-19 12:44:28 : 256 steps taken, and 38 accepted.
[3 : mcmc] Progress @ 2025-04-19 12:44:32 : 257 steps taken, and 36 accepted.
[1 : mcmc] Progress @ 2025-04-19 12:44:40 : 258 steps taken, and 36 accepted.
[2 : mcmc] Progress @ 2025-04-19 12:46:28 : 271 steps taken, and 33 accepted.
[0 : mcmc] Progress @ 2025-04-19 12:46:29 : 269 steps taken, and 39 accepted.
[3 : mcmc] Progress @ 2025-04-19 12:46:39 : 271 steps taken, and 37 accepted.
[1 : mcmc] Progress @ 2025-04-19 12:46:41 : 271 steps taken, and 36 accepted.
[0 : mcmc] Progress @ 2025-04-19 12:48:31 : 282 steps taken, and 41 accepted.
[2 : mcmc] Progress @ 2025-04-19 12:48:39 : 286 steps taken, and 37 accepted.
[1 : mcmc] Progress @ 2025-04-19 12:48:41 : 284 steps taken, and 38 accepted.
[3 : mcmc] Progress @ 2025-04-19 12:48:44 : 285 steps taken, and 40 accepted.
[0 : mcmc] Progress @ 2025-04-19 12:50:38 : 296 steps taken, and 43 accepted.
[2 : mcmc] Progress @ 2025-04-19 12:50:39 : 299 steps taken, and 39 accepted.
[1 : mcmc] Progress @ 2025-04-19 12:50:47 : 298 steps taken, and 40 accepted.
[3 : mcmc] Progress @ 2025-04-19 12:50:50 : 300 steps taken, and 41 accepted.
[0 : mcmc] Progress @ 2025-04-19 12:52:38 : 309 steps taken, and 45 accepted.
[2 : mcmc] Progress @ 2025-04-19 12:52:40 : 313 steps taken, and 41 accepted.
[1 : mcmc] Progress @ 2025-04-19 12:52:52 : 312 steps taken, and 42 accepted.
[3 : mcmc] Progress @ 2025-04-19 12:52:55 : 314 steps taken, and 45 accepted.
[0 : mcmc] Progress @ 2025-04-19 12:54:45 : 323 steps taken, and 45 accepted.
[2 : mcmc] Progress @ 2025-04-19 12:54:45 : 327 steps taken, and 43 accepted.
[1 : mcmc] Progress @ 2025-04-19 12:54:58 : 326 steps taken, and 45 accepted.
[3 : mcmc] Progress @ 2025-04-19 12:55:00 : 329 steps taken, and 47 accepted.
[1 : planck_2018_lowl.ee_sroll2] *WARNING* low EE multipole out of range, rejecting point
[2 : mcmc] Progress @ 2025-04-19 12:56:50 : 340 steps taken, and 43 accepted.
[0 : mcmc] Progress @ 2025-04-19 12:56:55 : 337 steps taken, and 46 accepted.
[1 : mcmc] Progress @ 2025-04-19 12:57:03 : 338 steps taken, and 47 accepted.
[3 : mcmc] Progress @ 2025-04-19 12:57:06 : 343 steps taken, and 50 accepted.
[2 : mcmc] Progress @ 2025-04-19 12:58:56 : 354 steps taken, and 44 accepted.
[0 : mcmc] Progress @ 2025-04-19 12:59:01 : 351 steps taken, and 49 accepted.
[1 : mcmc] Progress @ 2025-04-19 12:59:09 : 352 steps taken, and 48 accepted.
[3 : mcmc] Progress @ 2025-04-19 12:59:10 : 356 steps taken, and 50 accepted.
[0 : mcmc] Progress @ 2025-04-19 13:01:06 : 365 steps taken, and 52 accepted.
[2 : mcmc] Progress @ 2025-04-19 13:01:06 : 368 steps taken, and 47 accepted.
[3 : mcmc] Progress @ 2025-04-19 13:01:10 : 370 steps taken, and 52 accepted.
[1 : mcmc] Progress @ 2025-04-19 13:01:15 : 366 steps taken, and 48 accepted.
[2 : mcmc] Progress @ 2025-04-19 13:03:13 : 382 steps taken, and 50 accepted.
[3 : mcmc] Progress @ 2025-04-19 13:03:15 : 383 steps taken, and 52 accepted.
[1 : mcmc] Progress @ 2025-04-19 13:03:16 : 379 steps taken, and 50 accepted.
[0 : mcmc] Progress @ 2025-04-19 13:03:16 : 379 steps taken, and 53 accepted.
[2 : mcmc] Progress @ 2025-04-19 13:05:19 : 396 steps taken, and 52 accepted.
[3 : mcmc] Progress @ 2025-04-19 13:05:20 : 397 steps taken, and 54 accepted.
[0 : mcmc] Progress @ 2025-04-19 13:05:22 : 393 steps taken, and 57 accepted.
[1 : mcmc] Progress @ 2025-04-19 13:05:22 : 393 steps taken, and 51 accepted.
[1 : mcmc] Progress @ 2025-04-19 13:07:22 : 406 steps taken, and 51 accepted.
[2 : mcmc] Progress @ 2025-04-19 13:07:24 : 410 steps taken, and 53 accepted.
[3 : mcmc] Progress @ 2025-04-19 13:07:25 : 411 steps taken, and 55 accepted.
[0 : mcmc] Progress @ 2025-04-19 13:07:32 : 407 steps taken, and 58 accepted.
[0 : mcmc] Learn + convergence test @ 60 samples accepted.
[0 : mcmc] Ready to check convergence and learn a new proposal covmat (waiting for the rest...)
[1 : mcmc] Progress @ 2025-04-19 13:09:28 : 420 steps taken, and 53 accepted.
[3 : mcmc] Progress @ 2025-04-19 13:09:31 : 425 steps taken, and 57 accepted.
[2 : mcmc] Progress @ 2025-04-19 13:09:35 : 424 steps taken, and 54 accepted.
[0 : mcmc] Progress @ 2025-04-19 13:09:37 : 421 steps taken, and 61 accepted.
[1 : mcmc] Progress @ 2025-04-19 13:11:28 : 433 steps taken, and 54 accepted.
[3 : mcmc] Progress @ 2025-04-19 13:11:31 : 438 steps taken, and 59 accepted.
[0 : mcmc] Progress @ 2025-04-19 13:11:37 : 434 steps taken, and 62 accepted.
[2 : mcmc] Progress @ 2025-04-19 13:11:41 : 438 steps taken, and 56 accepted.
[3 : mcmc] Learn + convergence test @ 60 samples accepted.
[3 : mcmc] Ready to check convergence and learn a new proposal covmat (waiting for the rest...)
[2 : mcmc] Learn + convergence test @ 60 samples accepted.
[2 : mcmc] Ready to check convergence and learn a new proposal covmat (waiting for the rest...)
[1 : mcmc] Progress @ 2025-04-19 13:13:34 : 447 steps taken, and 57 accepted.
[3 : mcmc] Progress @ 2025-04-19 13:13:37 : 452 steps taken, and 63 accepted.
[2 : mcmc] Progress @ 2025-04-19 13:13:46 : 452 steps taken, and 60 accepted.
[0 : mcmc] Progress @ 2025-04-19 13:13:48 : 448 steps taken, and 66 accepted.
[1 : mcmc] Progress @ 2025-04-19 13:15:40 : 461 steps taken, and 58 accepted.
[3 : mcmc] Progress @ 2025-04-19 13:15:42 : 466 steps taken, and 67 accepted.
[0 : mcmc] Progress @ 2025-04-19 13:15:48 : 462 steps taken, and 71 accepted.
[2 : mcmc] Progress @ 2025-04-19 13:15:57 : 466 steps taken, and 62 accepted.
[1 : mcmc] Learn + convergence test @ 60 samples accepted.
[1 : mcmc] Ready to check convergence and learn a new proposal covmat (waiting for the rest...)
[3 : mcmc] Progress @ 2025-04-19 13:17:46 : 479 steps taken, and 68 accepted.
[0 : mcmc] Progress @ 2025-04-19 13:17:53 : 476 steps taken, and 73 accepted.
[0 : mcmc] All chains are ready to check convergence and learn a new proposal covmat
[0 : mcmc]  - Acceptance rate: 0.136 = avg([0.1602, 0.1172, 0.1296, 0.1328])
[0 : mcmc]  - Convergence of means: R-1 = 18.420144 after 265 accepted steps = sum([74, 60, 63, 68])
[0 : mcmc]  - Updated covariance matrix of proposal pdf.
[2 : mcmc] Progress @ 2025-04-19 13:18:14 : 478 steps taken, and 63 accepted.
[1 : mcmc] Progress @ 2025-04-19 13:18:14 : 469 steps taken, and 60 accepted.
[3 : mcmc] Progress @ 2025-04-19 13:19:48 : 491 steps taken, and 75 accepted.
[0 : mcmc] Progress @ 2025-04-19 13:19:58 : 489 steps taken, and 79 accepted.
[2 : mcmc] Progress @ 2025-04-19 13:20:15 : 491 steps taken, and 67 accepted.
[1 : mcmc] Progress @ 2025-04-19 13:20:15 : 483 steps taken, and 67 accepted.
[3 : mcmc] Progress @ 2025-04-19 13:21:48 : 504 steps taken, and 82 accepted.
[0 : mcmc] Progress @ 2025-04-19 13:21:59 : 503 steps taken, and 83 accepted.
[2 : mcmc] Progress @ 2025-04-19 13:22:15 : 504 steps taken, and 71 accepted.
[1 : mcmc] Progress @ 2025-04-19 13:22:21 : 496 steps taken, and 71 accepted.
[3 : mcmc] Progress @ 2025-04-19 13:23:49 : 517 steps taken, and 85 accepted.
[0 : mcmc] Progress @ 2025-04-19 13:24:00 : 516 steps taken, and 87 accepted.
[2 : mcmc] Progress @ 2025-04-19 13:24:16 : 517 steps taken, and 73 accepted.
[1 : mcmc] Progress @ 2025-04-19 13:24:22 : 509 steps taken, and 78 accepted.
[3 : mcmc] Progress @ 2025-04-19 13:25:50 : 531 steps taken, and 89 accepted.
[0 : mcmc] Progress @ 2025-04-19 13:26:02 : 530 steps taken, and 92 accepted.
[2 : mcmc] Progress @ 2025-04-19 13:26:17 : 531 steps taken, and 81 accepted.
[1 : mcmc] Progress @ 2025-04-19 13:26:29 : 523 steps taken, and 81 accepted.
[3 : mcmc] Progress @ 2025-04-19 13:28:00 : 544 steps taken, and 93 accepted.
[0 : mcmc] Progress @ 2025-04-19 13:28:06 : 543 steps taken, and 97 accepted.
[2 : mcmc] Progress @ 2025-04-19 13:28:22 : 544 steps taken, and 86 accepted.
[1 : mcmc] Progress @ 2025-04-19 13:28:29 : 536 steps taken, and 88 accepted.
[3 : mcmc] Progress @ 2025-04-19 13:30:01 : 558 steps taken, and 100 accepted.
[0 : mcmc] Progress @ 2025-04-19 13:30:12 : 557 steps taken, and 102 accepted.
[2 : mcmc] Progress @ 2025-04-19 13:30:27 : 558 steps taken, and 91 accepted.
[1 : mcmc] Progress @ 2025-04-19 13:30:35 : 550 steps taken, and 95 accepted.
[3 : mcmc] Progress @ 2025-04-19 13:32:01 : 571 steps taken, and 106 accepted.
[0 : mcmc] Progress @ 2025-04-19 13:32:12 : 570 steps taken, and 106 accepted.
[2 : mcmc] Progress @ 2025-04-19 13:32:33 : 572 steps taken, and 95 accepted.
[1 : mcmc] Progress @ 2025-04-19 13:32:41 : 564 steps taken, and 98 accepted.
[3 : mcmc] Progress @ 2025-04-19 13:34:12 : 585 steps taken, and 112 accepted.
[0 : mcmc] Progress @ 2025-04-19 13:34:18 : 584 steps taken, and 113 accepted.
[2 : mcmc] Progress @ 2025-04-19 13:34:33 : 585 steps taken, and 101 accepted.
[1 : mcmc] Progress @ 2025-04-19 13:34:47 : 578 steps taken, and 101 accepted.
[3 : mcmc] Progress @ 2025-04-19 13:36:18 : 599 steps taken, and 115 accepted.
[0 : mcmc] Progress @ 2025-04-19 13:36:23 : 597 steps taken, and 118 accepted.
[2 : mcmc] Progress @ 2025-04-19 13:36:40 : 599 steps taken, and 106 accepted.
[1 : mcmc] Progress @ 2025-04-19 13:36:47 : 591 steps taken, and 104 accepted.
[0 : mcmc] Learn + convergence test @ 120 samples accepted.
[0 : mcmc] Ready to check convergence and learn a new proposal covmat (waiting for the rest...)
[3 : mcmc] Learn + convergence test @ 120 samples accepted.
[3 : mcmc] Ready to check convergence and learn a new proposal covmat (waiting for the rest...)
[3 : mcmc] Progress @ 2025-04-19 13:38:23 : 613 steps taken, and 122 accepted.
[0 : mcmc] Progress @ 2025-04-19 13:38:23 : 611 steps taken, and 126 accepted.
[2 : mcmc] Progress @ 2025-04-19 13:38:50 : 613 steps taken, and 113 accepted.
[1 : mcmc] Progress @ 2025-04-19 13:38:52 : 605 steps taken, and 110 accepted.
[3 : mcmc] Progress @ 2025-04-19 13:40:29 : 627 steps taken, and 127 accepted.
[0 : mcmc] Progress @ 2025-04-19 13:40:34 : 625 steps taken, and 131 accepted.
[2 : mcmc] Progress @ 2025-04-19 13:40:51 : 626 steps taken, and 116 accepted.
[1 : mcmc] Progress @ 2025-04-19 13:40:58 : 619 steps taken, and 118 accepted.
[1 : mcmc] Learn + convergence test @ 120 samples accepted.
[1 : mcmc] Ready to check convergence and learn a new proposal covmat (waiting for the rest...)
[2 : mcmc] Learn + convergence test @ 120 samples accepted.
[2 : mcmc] Ready to check convergence and learn a new proposal covmat (waiting for the rest...)
[0 : mcmc] All chains are ready to check convergence and learn a new proposal covmat
[3 : mcmc] Progress @ 2025-04-19 13:42:34 : 641 steps taken, and 134 accepted.
[0 : mcmc]  - Acceptance rate: 0.372 = avg([0.3770, 0.4026, 0.3209, 0.3842])
[0 : mcmc]  - Convergence of means: R-1 = 0.835472 after 516 accepted steps = sum([137, 124, 120, 135])
[0 : mcmc]  - Updated covariance matrix of proposal pdf.
[0 : mcmc] Progress @ 2025-04-19 13:42:56 : 637 steps taken, and 138 accepted.
[2 : mcmc] Progress @ 2025-04-19 13:43:01 : 635 steps taken, and 120 accepted.
[1 : mcmc] Progress @ 2025-04-19 13:43:07 : 630 steps taken, and 125 accepted.
[3 : mcmc] Progress @ 2025-04-19 13:44:34 : 654 steps taken, and 138 accepted.
[0 : mcmc] Progress @ 2025-04-19 13:44:57 : 650 steps taken, and 142 accepted.
[2 : mcmc] Progress @ 2025-04-19 13:45:02 : 648 steps taken, and 127 accepted.
[1 : mcmc] Progress @ 2025-04-19 13:45:13 : 644 steps taken, and 135 accepted.
[3 : mcmc] Progress @ 2025-04-19 13:46:40 : 668 steps taken, and 145 accepted.
[0 : mcmc] Progress @ 2025-04-19 13:47:02 : 663 steps taken, and 146 accepted.
[2 : mcmc] Progress @ 2025-04-19 13:47:09 : 662 steps taken, and 132 accepted.
[1 : mcmc] Progress @ 2025-04-19 13:47:24 : 658 steps taken, and 141 accepted.
[3 : mcmc] Progress @ 2025-04-19 13:48:41 : 681 steps taken, and 151 accepted.
[0 : mcmc] Progress @ 2025-04-19 13:49:02 : 677 steps taken, and 150 accepted.
[2 : mcmc] Progress @ 2025-04-19 13:49:09 : 675 steps taken, and 138 accepted.
[1 : mcmc] Progress @ 2025-04-19 13:49:29 : 672 steps taken, and 147 accepted.
[3 : mcmc] Progress @ 2025-04-19 13:50:46 : 695 steps taken, and 157 accepted.
[0 : mcmc] Progress @ 2025-04-19 13:51:13 : 691 steps taken, and 153 accepted.
[2 : mcmc] Progress @ 2025-04-19 13:51:15 : 689 steps taken, and 143 accepted.
[1 : mcmc] Progress @ 2025-04-19 13:51:29 : 685 steps taken, and 148 accepted.
[3 : mcmc] Progress @ 2025-04-19 13:52:51 : 709 steps taken, and 163 accepted.
[0 : mcmc] Progress @ 2025-04-19 13:53:19 : 705 steps taken, and 162 accepted.
[2 : mcmc] Progress @ 2025-04-19 13:53:20 : 703 steps taken, and 151 accepted.
[1 : mcmc] Progress @ 2025-04-19 13:53:35 : 699 steps taken, and 151 accepted.
[3 : mcmc] Progress @ 2025-04-19 13:54:57 : 723 steps taken, and 170 accepted.
[0 : mcmc] Progress @ 2025-04-19 13:55:25 : 719 steps taken, and 166 accepted.
[2 : mcmc] Progress @ 2025-04-19 13:55:31 : 717 steps taken, and 154 accepted.
[1 : mcmc] Progress @ 2025-04-19 13:55:41 : 713 steps taken, and 157 accepted.
[3 : mcmc] Progress @ 2025-04-19 13:56:57 : 736 steps taken, and 172 accepted.
[0 : mcmc] Progress @ 2025-04-19 13:57:30 : 733 steps taken, and 171 accepted.
[2 : mcmc] Progress @ 2025-04-19 13:57:41 : 731 steps taken, and 159 accepted.
[1 : mcmc] Progress @ 2025-04-19 13:57:52 : 727 steps taken, and 159 accepted.
[3 : mcmc] Progress @ 2025-04-19 13:58:57 : 749 steps taken, and 175 accepted.
[0 : mcmc] Progress @ 2025-04-19 13:59:40 : 747 steps taken, and 175 accepted.
[2 : mcmc] Progress @ 2025-04-19 13:59:42 : 745 steps taken, and 163 accepted.
[1 : mcmc] Progress @ 2025-04-19 13:59:52 : 740 steps taken, and 162 accepted.
[3 : mcmc] Learn + convergence test @ 180 samples accepted.
[3 : mcmc] Ready to check convergence and learn a new proposal covmat (waiting for the rest...)
[3 : mcmc] Progress @ 2025-04-19 14:00:57 : 762 steps taken, and 180 accepted.
[0 : mcmc] Progress @ 2025-04-19 14:01:45 : 761 steps taken, and 179 accepted.
[2 : mcmc] Progress @ 2025-04-19 14:01:46 : 758 steps taken, and 168 accepted.
[0 : mcmc] Learn + convergence test @ 180 samples accepted.
[0 : mcmc] Ready to check convergence and learn a new proposal covmat (waiting for the rest...)
[1 : mcmc] Progress @ 2025-04-19 14:01:58 : 754 steps taken, and 166 accepted.
[3 : mcmc] Progress @ 2025-04-19 14:03:02 : 776 steps taken, and 183 accepted.
[2 : mcmc] Progress @ 2025-04-19 14:03:51 : 772 steps taken, and 171 accepted.
[0 : mcmc] Progress @ 2025-04-19 14:03:56 : 775 steps taken, and 184 accepted.
[1 : mcmc] Progress @ 2025-04-19 14:04:03 : 768 steps taken, and 172 accepted.
[3 : mcmc] Progress @ 2025-04-19 14:05:02 : 789 steps taken, and 190 accepted.
[2 : mcmc] Progress @ 2025-04-19 14:05:51 : 785 steps taken, and 174 accepted.
[0 : mcmc] Progress @ 2025-04-19 14:05:57 : 789 steps taken, and 188 accepted.
[1 : mcmc] Progress @ 2025-04-19 14:06:03 : 781 steps taken, and 175 accepted.
[3 : mcmc] Progress @ 2025-04-19 14:07:08 : 803 steps taken, and 196 accepted.
[1 : mcmc] Learn + convergence test @ 180 samples accepted.
[1 : mcmc] Ready to check convergence and learn a new proposal covmat (waiting for the rest...)
[2 : mcmc] Progress @ 2025-04-19 14:07:52 : 799 steps taken, and 177 accepted.
[0 : mcmc] Progress @ 2025-04-19 14:08:02 : 802 steps taken, and 191 accepted.
[1 : mcmc] Progress @ 2025-04-19 14:08:09 : 796 steps taken, and 181 accepted.
[2 : mcmc] Learn + convergence test @ 180 samples accepted.
[2 : mcmc] Ready to check convergence and learn a new proposal covmat (waiting for the rest...)
[0 : mcmc] All chains are ready to check convergence and learn a new proposal covmat
[0 : mcmc]  - Acceptance rate: 0.368 = avg([0.3647, 0.3498, 0.3659, 0.3906])
[0 : mcmc]  - Convergence of means: R-1 = 0.611735 after 756 accepted steps = sum([193, 183, 180, 200])
[0 : mcmc]  - Updated covariance matrix of proposal pdf.
[3 : mcmc] Progress @ 2025-04-19 14:09:30 : 815 steps taken, and 200 accepted.
[2 : mcmc] Progress @ 2025-04-19 14:09:52 : 806 steps taken, and 180 accepted.
[0 : mcmc] Progress @ 2025-04-19 14:10:03 : 812 steps taken, and 195 accepted.
[1 : mcmc] Progress @ 2025-04-19 14:10:14 : 810 steps taken, and 188 accepted.
[3 : mcmc] Progress @ 2025-04-19 14:11:36 : 829 steps taken, and 203 accepted.
[2 : mcmc] Progress @ 2025-04-19 14:11:52 : 819 steps taken, and 185 accepted.
[0 : mcmc] Progress @ 2025-04-19 14:12:09 : 825 steps taken, and 199 accepted.
[1 : mcmc] Progress @ 2025-04-19 14:12:15 : 824 steps taken, and 189 accepted.
[3 : mcmc] Progress @ 2025-04-19 14:13:41 : 843 steps taken, and 209 accepted.
[2 : mcmc] Progress @ 2025-04-19 14:13:58 : 833 steps taken, and 188 accepted.
[0 : mcmc] Progress @ 2025-04-19 14:14:09 : 839 steps taken, and 204 accepted.
[1 : mcmc] Progress @ 2025-04-19 14:14:20 : 837 steps taken, and 190 accepted.
[3 : mcmc] Progress @ 2025-04-19 14:15:46 : 856 steps taken, and 212 accepted.
[2 : mcmc] Progress @ 2025-04-19 14:16:08 : 847 steps taken, and 194 accepted.
[0 : mcmc] Progress @ 2025-04-19 14:16:09 : 852 steps taken, and 207 accepted.
[1 : mcmc] Progress @ 2025-04-19 14:16:26 : 851 steps taken, and 194 accepted.
[3 : mcmc] Progress @ 2025-04-19 14:17:51 : 870 steps taken, and 216 accepted.
[2 : mcmc] Progress @ 2025-04-19 14:18:13 : 861 steps taken, and 199 accepted.
[0 : mcmc] Progress @ 2025-04-19 14:18:20 : 866 steps taken, and 209 accepted.
[1 : mcmc] Progress @ 2025-04-19 14:18:36 : 865 steps taken, and 197 accepted.
[3 : mcmc] Progress @ 2025-04-19 14:19:56 : 884 steps taken, and 217 accepted.
[0 : mcmc] Progress @ 2025-04-19 14:20:20 : 880 steps taken, and 212 accepted.
[2 : mcmc] Progress @ 2025-04-19 14:20:24 : 875 steps taken, and 201 accepted.
[1 : mcmc] Progress @ 2025-04-19 14:20:42 : 879 steps taken, and 201 accepted.
[3 : mcmc] Progress @ 2025-04-19 14:22:01 : 898 steps taken, and 224 accepted.
[0 : mcmc] Progress @ 2025-04-19 14:22:24 : 893 steps taken, and 216 accepted.
[2 : mcmc] Progress @ 2025-04-19 14:22:29 : 889 steps taken, and 205 accepted.
[1 : mcmc] Progress @ 2025-04-19 14:22:53 : 893 steps taken, and 205 accepted.
[3 : mcmc] Progress @ 2025-04-19 14:24:10 : 912 steps taken, and 229 accepted.
[0 : mcmc] Progress @ 2025-04-19 14:24:29 : 907 steps taken, and 218 accepted.
[2 : mcmc] Progress @ 2025-04-19 14:24:34 : 903 steps taken, and 211 accepted.
[1 : mcmc] Progress @ 2025-04-19 14:24:58 : 907 steps taken, and 209 accepted.
[3 : mcmc] Progress @ 2025-04-19 14:26:10 : 925 steps taken, and 233 accepted.
[2 : mcmc] Progress @ 2025-04-19 14:26:40 : 917 steps taken, and 216 accepted.
[0 : mcmc] Progress @ 2025-04-19 14:26:40 : 921 steps taken, and 220 accepted.
[1 : mcmc] Progress @ 2025-04-19 14:27:05 : 921 steps taken, and 213 accepted.
[3 : mcmc] Progress @ 2025-04-19 14:28:15 : 939 steps taken, and 237 accepted.
[2 : mcmc] Progress @ 2025-04-19 14:28:50 : 931 steps taken, and 223 accepted.
[0 : mcmc] Progress @ 2025-04-19 14:28:50 : 936 steps taken, and 223 accepted.
[1 : mcmc] Progress @ 2025-04-19 14:29:10 : 935 steps taken, and 217 accepted.
[3 : mcmc] Progress @ 2025-04-19 14:30:21 : 953 steps taken, and 239 accepted.
[2 : mcmc] Progress @ 2025-04-19 14:30:50 : 945 steps taken, and 227 accepted.
[0 : mcmc] Progress @ 2025-04-19 14:30:56 : 950 steps taken, and 227 accepted.
[3 : mcmc] Learn + convergence test @ 240 samples accepted.
[3 : mcmc] Ready to check convergence and learn a new proposal covmat (waiting for the rest...)
[1 : mcmc] Progress @ 2025-04-19 14:31:11 : 948 steps taken, and 220 accepted.
[3 : mcmc] Progress @ 2025-04-19 14:32:31 : 967 steps taken, and 243 accepted.
[0 : mcmc] Progress @ 2025-04-19 14:33:00 : 963 steps taken, and 232 accepted.
[2 : mcmc] Progress @ 2025-04-19 14:33:01 : 959 steps taken, and 232 accepted.
[1 : mcmc] Progress @ 2025-04-19 14:33:11 : 961 steps taken, and 223 accepted.
[3 : mcmc] Progress @ 2025-04-19 14:34:36 : 981 steps taken, and 247 accepted.
[0 : mcmc] Progress @ 2025-04-19 14:35:11 : 978 steps taken, and 233 accepted.
[2 : mcmc] Progress @ 2025-04-19 14:35:11 : 973 steps taken, and 238 accepted.
[1 : mcmc] Progress @ 2025-04-19 14:35:17 : 975 steps taken, and 228 accepted.
[2 : mcmc] Learn + convergence test @ 240 samples accepted.
[2 : mcmc] Ready to check convergence and learn a new proposal covmat (waiting for the rest...)
[3 : mcmc] Progress @ 2025-04-19 14:36:41 : 995 steps taken, and 249 accepted.
[0 : mcmc] Progress @ 2025-04-19 14:37:16 : 992 steps taken, and 235 accepted.
[1 : mcmc] Progress @ 2025-04-19 14:37:21 : 988 steps taken, and 231 accepted.
[2 : mcmc] Progress @ 2025-04-19 14:37:21 : 987 steps taken, and 243 accepted.
[3 : mcmc] Progress @ 2025-04-19 14:38:45 : 1009 steps taken, and 250 accepted.
[0 : mcmc] Progress @ 2025-04-19 14:39:20 : 1005 steps taken, and 236 accepted.
[1 : mcmc] Progress @ 2025-04-19 14:39:21 : 1002 steps taken, and 235 accepted.
[2 : mcmc] Progress @ 2025-04-19 14:39:27 : 1001 steps taken, and 247 accepted.
[3 : mcmc] Progress @ 2025-04-19 14:40:50 : 1022 steps taken, and 254 accepted.
[1 : mcmc] Progress @ 2025-04-19 14:41:22 : 1015 steps taken, and 239 accepted.
[0 : mcmc] Progress @ 2025-04-19 14:41:26 : 1019 steps taken, and 238 accepted.
[2 : mcmc] Progress @ 2025-04-19 14:41:33 : 1015 steps taken, and 253 accepted.
[1 : mcmc] Learn + convergence test @ 240 samples accepted.
[1 : mcmc] Ready to check convergence and learn a new proposal covmat (waiting for the rest...)
[0 : mcmc] Learn + convergence test @ 240 samples accepted.
[0 : mcmc] Ready to check convergence and learn a new proposal covmat (waiting for the rest...)
[0 : mcmc] All chains are ready to check convergence and learn a new proposal covmat
[3 : mcmc] Progress @ 2025-04-19 14:42:53 : 1036 steps taken, and 256 accepted.
[0 : mcmc]  - Acceptance rate: 0.310 = avg([0.2837, 0.3050, 0.3378, 0.3137])
[0 : mcmc]  - Convergence of means: R-1 = 0.231849 after 993 accepted steps = sum([240, 243, 254, 256])
[0 : mcmc]  - Updated covariance matrix of proposal pdf.
[0 : mcmc] Progress @ 2025-04-19 14:43:26 : 1028 steps taken, and 240 accepted.
[1 : mcmc] Progress @ 2025-04-19 14:43:26 : 1027 steps taken, and 244 accepted.
[2 : mcmc] Progress @ 2025-04-19 14:43:38 : 1029 steps taken, and 255 accepted.
[3 : mcmc] Progress @ 2025-04-19 14:44:59 : 1050 steps taken, and 260 accepted.
[1 : mcmc] Progress @ 2025-04-19 14:45:27 : 1040 steps taken, and 250 accepted.
[0 : mcmc] Progress @ 2025-04-19 14:45:27 : 1041 steps taken, and 243 accepted.
[2 : mcmc] Progress @ 2025-04-19 14:45:38 : 1042 steps taken, and 258 accepted.
[3 : mcmc] Progress @ 2025-04-19 14:47:09 : 1064 steps taken, and 267 accepted.
[1 : mcmc] Progress @ 2025-04-19 14:47:27 : 1054 steps taken, and 251 accepted.
[0 : mcmc] Progress @ 2025-04-19 14:47:33 : 1055 steps taken, and 246 accepted.
[2 : mcmc] Progress @ 2025-04-19 14:47:48 : 1056 steps taken, and 261 accepted.
[3 : mcmc] Progress @ 2025-04-19 14:49:10 : 1078 steps taken, and 271 accepted.
[1 : mcmc] Progress @ 2025-04-19 14:49:38 : 1068 steps taken, and 253 accepted.
[0 : mcmc] Progress @ 2025-04-19 14:49:42 : 1069 steps taken, and 253 accepted.
[2 : mcmc] Progress @ 2025-04-19 14:49:53 : 1070 steps taken, and 265 accepted.
[3 : mcmc] Progress @ 2025-04-19 14:51:20 : 1092 steps taken, and 275 accepted.
[1 : mcmc] Progress @ 2025-04-19 14:51:43 : 1082 steps taken, and 259 accepted.
[0 : mcmc] Progress @ 2025-04-19 14:51:48 : 1083 steps taken, and 259 accepted.
[2 : mcmc] Progress @ 2025-04-19 14:51:58 : 1083 steps taken, and 269 accepted.
[3 : mcmc] Progress @ 2025-04-19 14:53:30 : 1106 steps taken, and 280 accepted.
[0 : mcmc] Progress @ 2025-04-19 14:53:53 : 1096 steps taken, and 262 accepted.
[1 : mcmc] Progress @ 2025-04-19 14:53:53 : 1096 steps taken, and 265 accepted.
[2 : mcmc] Progress @ 2025-04-19 14:53:59 : 1097 steps taken, and 278 accepted.
[3 : mcmc] Progress @ 2025-04-19 14:55:30 : 1120 steps taken, and 283 accepted.
[0 : mcmc] Progress @ 2025-04-19 14:55:53 : 1110 steps taken, and 266 accepted.
[1 : mcmc] Progress @ 2025-04-19 14:55:59 : 1110 steps taken, and 267 accepted.
[2 : mcmc] Progress @ 2025-04-19 14:56:04 : 1111 steps taken, and 285 accepted.
[3 : mcmc] Progress @ 2025-04-19 14:57:40 : 1134 steps taken, and 287 accepted.
[0 : mcmc] Progress @ 2025-04-19 14:58:04 : 1124 steps taken, and 269 accepted.
[1 : mcmc] Progress @ 2025-04-19 14:58:04 : 1124 steps taken, and 272 accepted.
[2 : mcmc] Progress @ 2025-04-19 14:58:13 : 1125 steps taken, and 288 accepted.
[3 : mcmc] Progress @ 2025-04-19 14:59:50 : 1148 steps taken, and 291 accepted.
[0 : mcmc] Progress @ 2025-04-19 15:00:04 : 1138 steps taken, and 274 accepted.
[1 : mcmc] Progress @ 2025-04-19 15:00:15 : 1138 steps taken, and 276 accepted.
[2 : mcmc] Progress @ 2025-04-19 15:00:23 : 1139 steps taken, and 289 accepted.
[3 : mcmc] Progress @ 2025-04-19 15:01:55 : 1162 steps taken, and 297 accepted.
[0 : mcmc] Progress @ 2025-04-19 15:02:14 : 1152 steps taken, and 276 accepted.
[1 : mcmc] Progress @ 2025-04-19 15:02:20 : 1152 steps taken, and 282 accepted.
[2 : mcmc] Progress @ 2025-04-19 15:02:29 : 1153 steps taken, and 293 accepted.
[3 : mcmc] Learn + convergence test @ 300 samples accepted.
[3 : mcmc] Ready to check convergence and learn a new proposal covmat (waiting for the rest...)
[3 : mcmc] Progress @ 2025-04-19 15:03:59 : 1176 steps taken, and 300 accepted.
[0 : mcmc] Progress @ 2025-04-19 15:04:24 : 1166 steps taken, and 284 accepted.
[1 : mcmc] Progress @ 2025-04-19 15:04:26 : 1166 steps taken, and 286 accepted.
[2 : mcmc] Progress @ 2025-04-19 15:04:39 : 1167 steps taken, and 299 accepted.
[2 : mcmc] Learn + convergence test @ 300 samples accepted.
[2 : mcmc] Ready to check convergence and learn a new proposal covmat (waiting for the rest...)
[3 : mcmc] Progress @ 2025-04-19 15:06:05 : 1190 steps taken, and 305 accepted.
[0 : mcmc] Progress @ 2025-04-19 15:06:29 : 1180 steps taken, and 290 accepted.
[1 : mcmc] Progress @ 2025-04-19 15:06:31 : 1181 steps taken, and 288 accepted.
[2 : mcmc] Progress @ 2025-04-19 15:06:44 : 1181 steps taken, and 304 accepted.
[3 : mcmc] Progress @ 2025-04-19 15:08:10 : 1204 steps taken, and 308 accepted.
[0 : mcmc] Progress @ 2025-04-19 15:08:34 : 1194 steps taken, and 292 accepted.
[1 : mcmc] Progress @ 2025-04-19 15:08:41 : 1195 steps taken, and 290 accepted.
[2 : mcmc] Progress @ 2025-04-19 15:08:50 : 1195 steps taken, and 310 accepted.
[3 : mcmc] Progress @ 2025-04-19 15:10:20 : 1218 steps taken, and 312 accepted.
[0 : mcmc] Progress @ 2025-04-19 15:10:39 : 1208 steps taken, and 297 accepted.
[1 : mcmc] Progress @ 2025-04-19 15:10:42 : 1209 steps taken, and 292 accepted.
[2 : mcmc] Progress @ 2025-04-19 15:10:55 : 1209 steps taken, and 314 accepted.
[0 : mcmc] Learn + convergence test @ 300 samples accepted.
[0 : mcmc] Ready to check convergence and learn a new proposal covmat (waiting for the rest...)
[3 : mcmc] Progress @ 2025-04-19 15:12:25 : 1232 steps taken, and 315 accepted.
[1 : mcmc] Progress @ 2025-04-19 15:12:46 : 1222 steps taken, and 295 accepted.
[0 : mcmc] Progress @ 2025-04-19 15:12:49 : 1222 steps taken, and 304 accepted.
[2 : mcmc] Progress @ 2025-04-19 15:13:01 : 1223 steps taken, and 320 accepted.
[3 : mcmc] Progress @ 2025-04-19 15:14:35 : 1246 steps taken, and 321 accepted.
[1 : mcmc] Progress @ 2025-04-19 15:14:51 : 1236 steps taken, and 299 accepted.
[0 : mcmc] Progress @ 2025-04-19 15:14:54 : 1236 steps taken, and 307 accepted.
[1 : mcmc] Learn + convergence test @ 300 samples accepted.
[1 : mcmc] Ready to check convergence and learn a new proposal covmat (waiting for the rest...)
[2 : mcmc] Progress @ 2025-04-19 15:15:11 : 1237 steps taken, and 324 accepted.
[0 : mcmc] All chains are ready to check convergence and learn a new proposal covmat
[0 : mcmc]  - Acceptance rate: 0.296 = avg([0.2823, 0.2747, 0.3267, 0.2967])
[0 : mcmc]  - Convergence of means: R-1 = 0.295436 after 1257 accepted steps = sum([309, 300, 325, 323])
[0 : mcmc]  - Updated covariance matrix of proposal pdf.
[3 : mcmc] Progress @ 2025-04-19 15:16:42 : 1258 steps taken, and 325 accepted.
[1 : mcmc] Progress @ 2025-04-19 15:16:53 : 1244 steps taken, and 300 accepted.
[0 : mcmc] Progress @ 2025-04-19 15:17:04 : 1250 steps taken, and 313 accepted.
[2 : mcmc] Progress @ 2025-04-19 15:17:15 : 1247 steps taken, and 328 accepted.
[3 : mcmc] Progress @ 2025-04-19 15:18:47 : 1271 steps taken, and 328 accepted.
[1 : mcmc] Progress @ 2025-04-19 15:18:58 : 1257 steps taken, and 302 accepted.
[0 : mcmc] Progress @ 2025-04-19 15:19:10 : 1264 steps taken, and 319 accepted.
[2 : mcmc] Progress @ 2025-04-19 15:19:20 : 1261 steps taken, and 333 accepted.
[3 : mcmc] Progress @ 2025-04-19 15:20:52 : 1285 steps taken, and 333 accepted.
[1 : mcmc] Progress @ 2025-04-19 15:21:03 : 1271 steps taken, and 304 accepted.
[0 : mcmc] Progress @ 2025-04-19 15:21:16 : 1278 steps taken, and 320 accepted.
[2 : mcmc] Progress @ 2025-04-19 15:21:31 : 1275 steps taken, and 337 accepted.
[3 : mcmc] Progress @ 2025-04-19 15:22:57 : 1299 steps taken, and 337 accepted.
[1 : mcmc] Progress @ 2025-04-19 15:23:08 : 1285 steps taken, and 308 accepted.
[0 : mcmc] Progress @ 2025-04-19 15:23:21 : 1292 steps taken, and 324 accepted.
[2 : mcmc] Progress @ 2025-04-19 15:23:41 : 1290 steps taken, and 343 accepted.
[3 : mcmc] Progress @ 2025-04-19 15:25:01 : 1313 steps taken, and 343 accepted.
[1 : mcmc] Progress @ 2025-04-19 15:25:13 : 1299 steps taken, and 313 accepted.
[0 : mcmc] Progress @ 2025-04-19 15:25:26 : 1306 steps taken, and 326 accepted.
[2 : mcmc] Progress @ 2025-04-19 15:25:51 : 1304 steps taken, and 346 accepted.
[3 : mcmc] Progress @ 2025-04-19 15:27:11 : 1327 steps taken, and 346 accepted.
[1 : mcmc] Progress @ 2025-04-19 15:27:23 : 1313 steps taken, and 316 accepted.
[0 : mcmc] Progress @ 2025-04-19 15:27:36 : 1320 steps taken, and 329 accepted.
[2 : mcmc] Progress @ 2025-04-19 15:27:55 : 1318 steps taken, and 348 accepted.
[3 : mcmc] Progress @ 2025-04-19 15:29:16 : 1341 steps taken, and 348 accepted.
[1 : mcmc] Progress @ 2025-04-19 15:29:28 : 1327 steps taken, and 324 accepted.
[0 : mcmc] Progress @ 2025-04-19 15:29:47 : 1334 steps taken, and 333 accepted.
[2 : mcmc] Progress @ 2025-04-19 15:30:01 : 1332 steps taken, and 354 accepted.
[3 : mcmc] Progress @ 2025-04-19 15:31:20 : 1355 steps taken, and 351 accepted.
[1 : mcmc] Progress @ 2025-04-19 15:31:34 : 1341 steps taken, and 331 accepted.
[0 : mcmc] Progress @ 2025-04-19 15:31:47 : 1348 steps taken, and 337 accepted.
[2 : mcmc] Progress @ 2025-04-19 15:32:06 : 1346 steps taken, and 358 accepted.
[2 : mcmc] Learn + convergence test @ 360 samples accepted.
[2 : mcmc] Ready to check convergence and learn a new proposal covmat (waiting for the rest...)
[3 : mcmc] Progress @ 2025-04-19 15:33:30 : 1369 steps taken, and 354 accepted.
[1 : mcmc] Progress @ 2025-04-19 15:33:44 : 1355 steps taken, and 337 accepted.
[0 : mcmc] Progress @ 2025-04-19 15:33:58 : 1362 steps taken, and 340 accepted.
[2 : mcmc] Progress @ 2025-04-19 15:34:11 : 1360 steps taken, and 362 accepted.
[3 : mcmc] Progress @ 2025-04-19 15:35:41 : 1384 steps taken, and 358 accepted.
[1 : mcmc] Progress @ 2025-04-19 15:35:50 : 1369 steps taken, and 341 accepted.
[0 : mcmc] Progress @ 2025-04-19 15:35:58 : 1375 steps taken, and 343 accepted.
[2 : mcmc] Progress @ 2025-04-19 15:36:16 : 1373 steps taken, and 366 accepted.
[3 : mcmc] Learn + convergence test @ 360 samples accepted.
[3 : mcmc] Ready to check convergence and learn a new proposal covmat (waiting for the rest...)
[3 : mcmc] Progress @ 2025-04-19 15:37:50 : 1398 steps taken, and 364 accepted.
[1 : mcmc] Progress @ 2025-04-19 15:37:56 : 1383 steps taken, and 343 accepted.
[0 : mcmc] Progress @ 2025-04-19 15:38:03 : 1389 steps taken, and 349 accepted.
[2 : mcmc] Progress @ 2025-04-19 15:38:21 : 1387 steps taken, and 372 accepted.
[3 : mcmc] Progress @ 2025-04-19 15:39:55 : 1412 steps taken, and 370 accepted.
[1 : mcmc] Progress @ 2025-04-19 15:40:01 : 1397 steps taken, and 347 accepted.
[0 : mcmc] Progress @ 2025-04-19 15:40:08 : 1403 steps taken, and 352 accepted.
[2 : mcmc] Progress @ 2025-04-19 15:40:32 : 1401 steps taken, and 376 accepted.
[3 : mcmc] Progress @ 2025-04-19 15:42:01 : 1426 steps taken, and 376 accepted.
[1 : mcmc] Progress @ 2025-04-19 15:42:06 : 1412 steps taken, and 350 accepted.
[0 : mcmc] Progress @ 2025-04-19 15:42:19 : 1417 steps taken, and 354 accepted.
[2 : mcmc] Progress @ 2025-04-19 15:42:32 : 1415 steps taken, and 380 accepted.
[3 : mcmc] Progress @ 2025-04-19 15:44:11 : 1440 steps taken, and 381 accepted.
[1 : mcmc] Progress @ 2025-04-19 15:44:11 : 1426 steps taken, and 357 accepted.
[0 : mcmc] Progress @ 2025-04-19 15:44:24 : 1431 steps taken, and 356 accepted.
[2 : mcmc] Progress @ 2025-04-19 15:44:42 : 1429 steps taken, and 385 accepted.
[1 : mcmc] Learn + convergence test @ 360 samples accepted.
[1 : mcmc] Ready to check convergence and learn a new proposal covmat (waiting for the rest...)
[3 : mcmc] Progress @ 2025-04-19 15:46:16 : 1454 steps taken, and 387 accepted.
[1 : mcmc] Progress @ 2025-04-19 15:46:21 : 1440 steps taken, and 360 accepted.
[0 : mcmc] Progress @ 2025-04-19 15:46:29 : 1445 steps taken, and 359 accepted.
[2 : mcmc] Progress @ 2025-04-19 15:46:48 : 1443 steps taken, and 394 accepted.
[0 : mcmc] Learn + convergence test @ 360 samples accepted.
[0 : mcmc] Ready to check convergence and learn a new proposal covmat (waiting for the rest...)
[0 : mcmc] All chains are ready to check convergence and learn a new proposal covmat
[3 : mcmc] Progress @ 2025-04-19 15:48:20 : 1468 steps taken, and 390 accepted.
[1 : mcmc] Progress @ 2025-04-19 15:48:26 : 1454 steps taken, and 362 accepted.
[0 : mcmc]  - Acceptance rate: 0.290 = avg([0.2605, 0.2725, 0.3339, 0.2906])
[0 : mcmc]  - Convergence of means: R-1 = 0.211454 after 1511 accepted steps = sum([360, 363, 398, 390])
[0 : mcmc]  - Updated covariance matrix of proposal pdf.
[2 : mcmc] Progress @ 2025-04-19 15:49:25 : 1456 steps taken, and 398 accepted.
[0 : mcmc] Progress @ 2025-04-19 15:49:30 : 1454 steps taken, and 360 accepted.
[3 : mcmc] Progress @ 2025-04-19 15:50:25 : 1475 steps taken, and 394 accepted.
[1 : mcmc] Progress @ 2025-04-19 15:50:36 : 1468 steps taken, and 366 accepted.
[2 : mcmc] Progress @ 2025-04-19 15:51:31 : 1469 steps taken, and 401 accepted.
[0 : mcmc] Progress @ 2025-04-19 15:51:35 : 1467 steps taken, and 366 accepted.
[3 : mcmc] Progress @ 2025-04-19 15:52:25 : 1488 steps taken, and 396 accepted.
[1 : mcmc] Progress @ 2025-04-19 15:52:42 : 1482 steps taken, and 371 accepted.
[2 : mcmc] Progress @ 2025-04-19 15:53:37 : 1483 steps taken, and 407 accepted.
[0 : mcmc] Progress @ 2025-04-19 15:53:40 : 1481 steps taken, and 370 accepted.
[3 : mcmc] Progress @ 2025-04-19 15:54:36 : 1503 steps taken, and 398 accepted.
[1 : mcmc] Progress @ 2025-04-19 15:54:47 : 1496 steps taken, and 379 accepted.
[0 : mcmc] Progress @ 2025-04-19 15:55:41 : 1495 steps taken, and 373 accepted.
[2 : mcmc] Progress @ 2025-04-19 15:55:47 : 1497 steps taken, and 409 accepted.
[3 : mcmc] Progress @ 2025-04-19 15:56:40 : 1516 steps taken, and 405 accepted.
[1 : mcmc] Progress @ 2025-04-19 15:56:53 : 1510 steps taken, and 379 accepted.
[0 : mcmc] Progress @ 2025-04-19 15:57:45 : 1508 steps taken, and 376 accepted.
[2 : mcmc] Progress @ 2025-04-19 15:57:52 : 1511 steps taken, and 413 accepted.
[3 : mcmc] Progress @ 2025-04-19 15:58:45 : 1530 steps taken, and 409 accepted.
[1 : mcmc] Progress @ 2025-04-19 15:59:03 : 1524 steps taken, and 384 accepted.
[0 : mcmc] Progress @ 2025-04-19 15:59:50 : 1522 steps taken, and 378 accepted.
[2 : mcmc] Progress @ 2025-04-19 15:59:52 : 1525 steps taken, and 415 accepted.
[3 : mcmc] Progress @ 2025-04-19 16:00:51 : 1544 steps taken, and 413 accepted.
[1 : mcmc] Progress @ 2025-04-19 16:01:08 : 1538 steps taken, and 388 accepted.
[2 : mcmc] Learn + convergence test @ 420 samples accepted.
[2 : mcmc] Ready to check convergence and learn a new proposal covmat (waiting for the rest...)
[0 : mcmc] Progress @ 2025-04-19 16:01:55 : 1536 steps taken, and 380 accepted.
[2 : mcmc] Progress @ 2025-04-19 16:01:57 : 1538 steps taken, and 421 accepted.
[3 : mcmc] Progress @ 2025-04-19 16:03:02 : 1558 steps taken, and 418 accepted.
[1 : mcmc] Progress @ 2025-04-19 16:03:18 : 1552 steps taken, and 394 accepted.
[3 : mcmc] Learn + convergence test @ 420 samples accepted.
[3 : mcmc] Ready to check convergence and learn a new proposal covmat (waiting for the rest...)
[2 : mcmc] Progress @ 2025-04-19 16:04:02 : 1552 steps taken, and 424 accepted.
[0 : mcmc] Progress @ 2025-04-19 16:04:06 : 1550 steps taken, and 382 accepted.
[3 : mcmc] Progress @ 2025-04-19 16:05:07 : 1572 steps taken, and 422 accepted.
[1 : mcmc] Progress @ 2025-04-19 16:05:23 : 1566 steps taken, and 397 accepted.
[2 : mcmc] Progress @ 2025-04-19 16:06:08 : 1566 steps taken, and 428 accepted.
[0 : mcmc] Progress @ 2025-04-19 16:06:12 : 1564 steps taken, and 384 accepted.
[3 : mcmc] Progress @ 2025-04-19 16:07:17 : 1586 steps taken, and 429 accepted.
[1 : mcmc] Progress @ 2025-04-19 16:07:24 : 1580 steps taken, and 402 accepted.
[2 : mcmc] Progress @ 2025-04-19 16:08:13 : 1581 steps taken, and 431 accepted.
[0 : mcmc] Progress @ 2025-04-19 16:08:17 : 1578 steps taken, and 391 accepted.
[3 : mcmc] Progress @ 2025-04-19 16:09:28 : 1601 steps taken, and 436 accepted.
[1 : mcmc] Progress @ 2025-04-19 16:09:29 : 1593 steps taken, and 404 accepted.
[2 : mcmc] Progress @ 2025-04-19 16:10:18 : 1595 steps taken, and 434 accepted.
[0 : mcmc] Progress @ 2025-04-19 16:10:28 : 1592 steps taken, and 394 accepted.
[3 : mcmc] Progress @ 2025-04-19 16:11:33 : 1615 steps taken, and 441 accepted.
[1 : mcmc] Progress @ 2025-04-19 16:11:35 : 1607 steps taken, and 405 accepted.
[0 : mcmc] Progress @ 2025-04-19 16:12:28 : 1606 steps taken, and 397 accepted.
[2 : mcmc] Progress @ 2025-04-19 16:12:29 : 1609 steps taken, and 439 accepted.
[3 : mcmc] Progress @ 2025-04-19 16:13:39 : 1629 steps taken, and 448 accepted.
[1 : mcmc] Progress @ 2025-04-19 16:13:45 : 1621 steps taken, and 410 accepted.
[2 : mcmc] Progress @ 2025-04-19 16:14:35 : 1623 steps taken, and 444 accepted.
[0 : mcmc] Progress @ 2025-04-19 16:14:38 : 1620 steps taken, and 402 accepted.
[3 : mcmc] Progress @ 2025-04-19 16:15:44 : 1642 steps taken, and 450 accepted.
[1 : mcmc] Progress @ 2025-04-19 16:15:50 : 1635 steps taken, and 413 accepted.
[2 : mcmc] Progress @ 2025-04-19 16:16:39 : 1636 steps taken, and 448 accepted.
[0 : mcmc] Progress @ 2025-04-19 16:16:43 : 1634 steps taken, and 409 accepted.
[3 : mcmc] Progress @ 2025-04-19 16:17:49 : 1656 steps taken, and 454 accepted.
[1 : mcmc] Progress @ 2025-04-19 16:18:01 : 1649 steps taken, and 417 accepted.
[2 : mcmc] Progress @ 2025-04-19 16:18:40 : 1650 steps taken, and 451 accepted.
[0 : mcmc] Progress @ 2025-04-19 16:18:48 : 1648 steps taken, and 411 accepted.
[1 : mcmc] Learn + convergence test @ 420 samples accepted.
[1 : mcmc] Ready to check convergence and learn a new proposal covmat (waiting for the rest...)
[3 : mcmc] Progress @ 2025-04-19 16:20:00 : 1670 steps taken, and 461 accepted.
[1 : mcmc] Progress @ 2025-04-19 16:20:07 : 1663 steps taken, and 423 accepted.
[2 : mcmc] Progress @ 2025-04-19 16:20:46 : 1664 steps taken, and 456 accepted.
[0 : mcmc] Progress @ 2025-04-19 16:20:54 : 1661 steps taken, and 415 accepted.
[3 : mcmc] Progress @ 2025-04-19 16:22:00 : 1683 steps taken, and 467 accepted.
[1 : mcmc] Progress @ 2025-04-19 16:22:07 : 1677 steps taken, and 427 accepted.
[2 : mcmc] Progress @ 2025-04-19 16:22:56 : 1678 steps taken, and 459 accepted.
[0 : mcmc] Progress @ 2025-04-19 16:22:59 : 1675 steps taken, and 419 accepted.
[0 : mcmc] Learn + convergence test @ 420 samples accepted.
[0 : mcmc] Ready to check convergence and learn a new proposal covmat (waiting for the rest...)
[0 : mcmc] All chains are ready to check convergence and learn a new proposal covmat
[1 : mcmc] Progress @ 2025-04-19 16:24:17 : 1690 steps taken, and 430 accepted.
[0 : mcmc]  - Acceptance rate: 0.292 = avg([0.2602, 0.2812, 0.3160, 0.3080])
[0 : mcmc]  - Convergence of means: R-1 = 0.136593 after 1783 accepted steps = sum([420, 431, 462, 470])
[0 : mcmc]  - Updated covariance matrix of proposal pdf.
[3 : mcmc] Progress @ 2025-04-19 16:24:45 : 1697 steps taken, and 471 accepted.
[0 : mcmc] Progress @ 2025-04-19 16:25:02 : 1680 steps taken, and 421 accepted.
[2 : mcmc] Progress @ 2025-04-19 16:25:02 : 1689 steps taken, and 462 accepted.
[1 : mcmc] Progress @ 2025-04-19 16:26:19 : 1704 steps taken, and 435 accepted.
[3 : mcmc] Progress @ 2025-04-19 16:26:46 : 1710 steps taken, and 474 accepted.
[2 : mcmc] Progress @ 2025-04-19 16:27:02 : 1701 steps taken, and 467 accepted.
[0 : mcmc] Progress @ 2025-04-19 16:27:07 : 1694 steps taken, and 424 accepted.
[1 : mcmc] Progress @ 2025-04-19 16:28:29 : 1718 steps taken, and 437 accepted.
[3 : mcmc] Progress @ 2025-04-19 16:28:46 : 1724 steps taken, and 478 accepted.
[2 : mcmc] Progress @ 2025-04-19 16:29:02 : 1714 steps taken, and 469 accepted.
[0 : mcmc] Progress @ 2025-04-19 16:29:07 : 1707 steps taken, and 428 accepted.
[3 : mcmc] Learn + convergence test @ 480 samples accepted.
[3 : mcmc] Ready to check convergence and learn a new proposal covmat (waiting for the rest...)
[1 : mcmc] Progress @ 2025-04-19 16:30:40 : 1732 steps taken, and 442 accepted.
[3 : mcmc] Progress @ 2025-04-19 16:30:56 : 1737 steps taken, and 484 accepted.
[2 : mcmc] Progress @ 2025-04-19 16:31:03 : 1728 steps taken, and 470 accepted.
[0 : mcmc] Progress @ 2025-04-19 16:31:18 : 1721 steps taken, and 433 accepted.
[1 : mcmc] Progress @ 2025-04-19 16:32:41 : 1746 steps taken, and 446 accepted.
[3 : mcmc] Progress @ 2025-04-19 16:32:57 : 1751 steps taken, and 489 accepted.
[2 : mcmc] Progress @ 2025-04-19 16:33:13 : 1742 steps taken, and 475 accepted.
[0 : mcmc] Progress @ 2025-04-19 16:33:23 : 1735 steps taken, and 439 accepted.
[1 : mcmc] Progress @ 2025-04-19 16:34:46 : 1760 steps taken, and 451 accepted.
[3 : mcmc] Progress @ 2025-04-19 16:35:07 : 1765 steps taken, and 491 accepted.
[2 : mcmc] Learn + convergence test @ 480 samples accepted.
[2 : mcmc] Ready to check convergence and learn a new proposal covmat (waiting for the rest...)
[2 : mcmc] Progress @ 2025-04-19 16:35:19 : 1756 steps taken, and 480 accepted.
[0 : mcmc] Progress @ 2025-04-19 16:35:28 : 1749 steps taken, and 444 accepted.
[1 : mcmc] Progress @ 2025-04-19 16:36:47 : 1773 steps taken, and 455 accepted.
[3 : mcmc] Progress @ 2025-04-19 16:37:17 : 1779 steps taken, and 497 accepted.
[2 : mcmc] Progress @ 2025-04-19 16:37:24 : 1770 steps taken, and 483 accepted.
[0 : mcmc] Progress @ 2025-04-19 16:37:33 : 1763 steps taken, and 448 accepted.
[1 : mcmc] Progress @ 2025-04-19 16:38:53 : 1787 steps taken, and 460 accepted.
[3 : mcmc] Progress @ 2025-04-19 16:39:18 : 1793 steps taken, and 501 accepted.
[2 : mcmc] Progress @ 2025-04-19 16:39:29 : 1784 steps taken, and 486 accepted.
[0 : mcmc] Progress @ 2025-04-19 16:39:44 : 1777 steps taken, and 454 accepted.
[1 : mcmc] Progress @ 2025-04-19 16:40:53 : 1800 steps taken, and 462 accepted.
[3 : mcmc] Progress @ 2025-04-19 16:41:29 : 1807 steps taken, and 505 accepted.
[2 : mcmc] Progress @ 2025-04-19 16:41:34 : 1798 steps taken, and 491 accepted.
[0 : mcmc] Progress @ 2025-04-19 16:41:44 : 1791 steps taken, and 457 accepted.
[1 : mcmc] Progress @ 2025-04-19 16:43:03 : 1814 steps taken, and 465 accepted.
[3 : mcmc] Progress @ 2025-04-19 16:43:34 : 1821 steps taken, and 509 accepted.
[2 : mcmc] Progress @ 2025-04-19 16:43:44 : 1812 steps taken, and 494 accepted.
[0 : mcmc] Progress @ 2025-04-19 16:43:49 : 1804 steps taken, and 464 accepted.
[1 : mcmc] Progress @ 2025-04-19 16:45:03 : 1828 steps taken, and 470 accepted.
[3 : mcmc] Progress @ 2025-04-19 16:45:38 : 1835 steps taken, and 513 accepted.
[0 : mcmc] Progress @ 2025-04-19 16:45:54 : 1818 steps taken, and 469 accepted.
[2 : mcmc] Progress @ 2025-04-19 16:45:54 : 1826 steps taken, and 498 accepted.
[1 : mcmc] Progress @ 2025-04-19 16:47:13 : 1842 steps taken, and 478 accepted.
[3 : mcmc] Progress @ 2025-04-19 16:47:48 : 1849 steps taken, and 515 accepted.
[0 : mcmc] Progress @ 2025-04-19 16:47:54 : 1831 steps taken, and 473 accepted.
[1 : mcmc] Learn + convergence test @ 480 samples accepted.
[1 : mcmc] Ready to check convergence and learn a new proposal covmat (waiting for the rest...)
[2 : mcmc] Progress @ 2025-04-19 16:47:59 : 1840 steps taken, and 504 accepted.
[1 : mcmc] Progress @ 2025-04-19 16:49:24 : 1856 steps taken, and 483 accepted.
[3 : mcmc] Progress @ 2025-04-19 16:49:54 : 1863 steps taken, and 521 accepted.
[0 : mcmc] Progress @ 2025-04-19 16:50:00 : 1845 steps taken, and 476 accepted.
[2 : mcmc] Progress @ 2025-04-19 16:50:04 : 1854 steps taken, and 505 accepted.
[1 : mcmc] Progress @ 2025-04-19 16:51:29 : 1870 steps taken, and 484 accepted.
[0 : mcmc] Learn + convergence test @ 480 samples accepted.
[0 : mcmc] Ready to check convergence and learn a new proposal covmat (waiting for the rest...)
[0 : mcmc] All chains are ready to check convergence and learn a new proposal covmat
[3 : mcmc] Progress @ 2025-04-19 16:51:59 : 1877 steps taken, and 526 accepted.
[2 : mcmc] Progress @ 2025-04-19 16:52:10 : 1868 steps taken, and 510 accepted.
[0 : mcmc]  - Acceptance rate: 0.300 = avg([0.2878, 0.2864, 0.3033, 0.3196])
[0 : mcmc]  - Convergence of means: R-1 = 0.111903 after 2004 accepted steps = sum([480, 487, 511, 526])
[0 : mcmc]  - Updated covariance matrix of proposal pdf.
[0 : mcmc] Progress @ 2025-04-19 16:52:48 : 1859 steps taken, and 481 accepted.
[1 : mcmc] Progress @ 2025-04-19 16:53:33 : 1882 steps taken, and 488 accepted.
[3 : mcmc] Progress @ 2025-04-19 16:53:59 : 1886 steps taken, and 526 accepted.
[2 : mcmc] Progress @ 2025-04-19 16:54:16 : 1882 steps taken, and 514 accepted.
[0 : mcmc] Progress @ 2025-04-19 16:54:49 : 1872 steps taken, and 485 accepted.
[1 : mcmc] Progress @ 2025-04-19 16:55:33 : 1895 steps taken, and 491 accepted.
[3 : mcmc] Progress @ 2025-04-19 16:56:05 : 1899 steps taken, and 530 accepted.
[2 : mcmc] Progress @ 2025-04-19 16:56:22 : 1895 steps taken, and 518 accepted.
[0 : mcmc] Progress @ 2025-04-19 16:56:49 : 1885 steps taken, and 488 accepted.
[1 : mcmc] Progress @ 2025-04-19 16:57:34 : 1908 steps taken, and 494 accepted.
[3 : mcmc] Progress @ 2025-04-19 16:58:06 : 1913 steps taken, and 537 accepted.
[2 : mcmc] Progress @ 2025-04-19 16:58:23 : 1909 steps taken, and 522 accepted.
[0 : mcmc] Progress @ 2025-04-19 16:58:55 : 1899 steps taken, and 489 accepted.
[1 : mcmc] Progress @ 2025-04-19 16:59:34 : 1921 steps taken, and 499 accepted.
[3 : mcmc] Learn + convergence test @ 540 samples accepted.
[3 : mcmc] Ready to check convergence and learn a new proposal covmat (waiting for the rest...)
[3 : mcmc] Progress @ 2025-04-19 17:00:16 : 1927 steps taken, and 540 accepted.
[2 : mcmc] Progress @ 2025-04-19 17:00:34 : 1923 steps taken, and 527 accepted.
[0 : mcmc] Progress @ 2025-04-19 17:01:01 : 1913 steps taken, and 496 accepted.
[1 : mcmc] Progress @ 2025-04-19 17:01:40 : 1935 steps taken, and 502 accepted.
[3 : mcmc] Progress @ 2025-04-19 17:02:21 : 1941 steps taken, and 545 accepted.
[2 : mcmc] Progress @ 2025-04-19 17:02:44 : 1937 steps taken, and 531 accepted.
[0 : mcmc] Progress @ 2025-04-19 17:03:11 : 1927 steps taken, and 499 accepted.
[1 : mcmc] Progress @ 2025-04-19 17:03:50 : 1949 steps taken, and 505 accepted.
[3 : mcmc] Progress @ 2025-04-19 17:04:26 : 1955 steps taken, and 548 accepted.
[2 : mcmc] Progress @ 2025-04-19 17:04:49 : 1951 steps taken, and 535 accepted.
[0 : mcmc] Progress @ 2025-04-19 17:05:16 : 1941 steps taken, and 501 accepted.
[1 : mcmc] Progress @ 2025-04-19 17:05:55 : 1963 steps taken, and 508 accepted.
[3 : mcmc] Progress @ 2025-04-19 17:06:37 : 1969 steps taken, and 549 accepted.
[2 : mcmc] Learn + convergence test @ 540 samples accepted.
[2 : mcmc] Ready to check convergence and learn a new proposal covmat (waiting for the rest...)
[2 : mcmc] Progress @ 2025-04-19 17:06:55 : 1965 steps taken, and 540 accepted.
[0 : mcmc] Progress @ 2025-04-19 17:07:22 : 1955 steps taken, and 508 accepted.
[1 : mcmc] Progress @ 2025-04-19 17:08:01 : 1977 steps taken, and 513 accepted.
[3 : mcmc] Progress @ 2025-04-19 17:08:42 : 1983 steps taken, and 555 accepted.
[2 : mcmc] Progress @ 2025-04-19 17:09:06 : 1979 steps taken, and 542 accepted.
[0 : mcmc] Progress @ 2025-04-19 17:09:22 : 1968 steps taken, and 513 accepted.
[1 : mcmc] Progress @ 2025-04-19 17:10:06 : 1991 steps taken, and 515 accepted.
[3 : mcmc] Progress @ 2025-04-19 17:10:48 : 1997 steps taken, and 561 accepted.
[2 : mcmc] Progress @ 2025-04-19 17:11:11 : 1993 steps taken, and 546 accepted.
[0 : mcmc] Progress @ 2025-04-19 17:11:23 : 1981 steps taken, and 522 accepted.
[1 : mcmc] Progress @ 2025-04-19 17:12:11 : 2005 steps taken, and 516 accepted.
[3 : mcmc] Progress @ 2025-04-19 17:12:53 : 2011 steps taken, and 566 accepted.
[2 : mcmc] Progress @ 2025-04-19 17:13:17 : 2007 steps taken, and 553 accepted.
[0 : mcmc] Progress @ 2025-04-19 17:13:23 : 1995 steps taken, and 529 accepted.
[1 : mcmc] Progress @ 2025-04-19 17:14:22 : 2019 steps taken, and 519 accepted.
[3 : mcmc] Progress @ 2025-04-19 17:14:57 : 2024 steps taken, and 572 accepted.
[2 : mcmc] Progress @ 2025-04-19 17:15:22 : 2021 steps taken, and 557 accepted.
[0 : mcmc] Progress @ 2025-04-19 17:15:27 : 2008 steps taken, and 531 accepted.
[1 : mcmc] Progress @ 2025-04-19 17:16:27 : 2033 steps taken, and 521 accepted.
[3 : mcmc] Progress @ 2025-04-19 17:17:02 : 2038 steps taken, and 576 accepted.
[2 : mcmc] Progress @ 2025-04-19 17:17:27 : 2035 steps taken, and 562 accepted.
[0 : mcmc] Progress @ 2025-04-19 17:17:33 : 2022 steps taken, and 536 accepted.
[1 : mcmc] Progress @ 2025-04-19 17:18:38 : 2047 steps taken, and 526 accepted.
[3 : mcmc] Progress @ 2025-04-19 17:19:08 : 2052 steps taken, and 580 accepted.
[2 : mcmc] Progress @ 2025-04-19 17:19:32 : 2048 steps taken, and 568 accepted.
[0 : mcmc] Progress @ 2025-04-19 17:19:44 : 2036 steps taken, and 538 accepted.
[1 : mcmc] Progress @ 2025-04-19 17:20:42 : 2061 steps taken, and 532 accepted.
[3 : mcmc] Progress @ 2025-04-19 17:21:13 : 2066 steps taken, and 582 accepted.
[2 : mcmc] Progress @ 2025-04-19 17:21:37 : 2062 steps taken, and 572 accepted.
[0 : mcmc] Progress @ 2025-04-19 17:21:49 : 2050 steps taken, and 539 accepted.
[0 : mcmc] Learn + convergence test @ 540 samples accepted.
[0 : mcmc] Ready to check convergence and learn a new proposal covmat (waiting for the rest...)
[1 : mcmc] Progress @ 2025-04-19 17:22:48 : 2075 steps taken, and 535 accepted.
[3 : mcmc] Progress @ 2025-04-19 17:23:23 : 2080 steps taken, and 586 accepted.
[2 : mcmc] Progress @ 2025-04-19 17:23:42 : 2076 steps taken, and 578 accepted.
[0 : mcmc] Progress @ 2025-04-19 17:23:55 : 2064 steps taken, and 544 accepted.
[1 : mcmc] Progress @ 2025-04-19 17:24:48 : 2088 steps taken, and 538 accepted.
[3 : mcmc] Progress @ 2025-04-19 17:25:28 : 2094 steps taken, and 593 accepted.
[1 : mcmc] Learn + convergence test @ 540 samples accepted.
[1 : mcmc] Ready to check convergence and learn a new proposal covmat (waiting for the rest...)
[2 : mcmc] Progress @ 2025-04-19 17:25:47 : 2090 steps taken, and 585 accepted.
[0 : mcmc] Progress @ 2025-04-19 17:26:05 : 2078 steps taken, and 550 accepted.
[0 : mcmc] All chains are ready to check convergence and learn a new proposal covmat
[0 : mcmc]  - Acceptance rate: 0.300 = avg([0.2935, 0.2766, 0.3094, 0.3167])
[0 : mcmc]  - Convergence of means: R-1 = 0.132820 after 2270 accepted steps = sum([550, 540, 585, 595])
[0 : mcmc]  - Updated covariance matrix of proposal pdf.
[1 : mcmc] Progress @ 2025-04-19 17:26:49 : 2097 steps taken, and 542 accepted.
[3 : mcmc] Progress @ 2025-04-19 17:27:38 : 2109 steps taken, and 599 accepted.
[2 : mcmc] Progress @ 2025-04-19 17:27:54 : 2101 steps taken, and 588 accepted.
[3 : mcmc] Learn + convergence test @ 600 samples accepted.
[3 : mcmc] Ready to check convergence and learn a new proposal covmat (waiting for the rest...)
[0 : mcmc] Progress @ 2025-04-19 17:28:10 : 2091 steps taken, and 556 accepted.
[1 : mcmc] Progress @ 2025-04-19 17:28:59 : 2111 steps taken, and 545 accepted.
[3 : mcmc] Progress @ 2025-04-19 17:29:48 : 2123 steps taken, and 604 accepted.
[2 : mcmc] Progress @ 2025-04-19 17:29:59 : 2115 steps taken, and 595 accepted.
[0 : mcmc] Progress @ 2025-04-19 17:30:10 : 2105 steps taken, and 559 accepted.
[1 : mcmc] Progress @ 2025-04-19 17:31:05 : 2125 steps taken, and 551 accepted.
[3 : mcmc] Progress @ 2025-04-19 17:31:58 : 2137 steps taken, and 607 accepted.
[2 : mcmc] Progress @ 2025-04-19 17:31:59 : 2128 steps taken, and 599 accepted.
[0 : mcmc] Progress @ 2025-04-19 17:32:21 : 2119 steps taken, and 563 accepted.
[1 : mcmc] Progress @ 2025-04-19 17:33:10 : 2139 steps taken, and 552 accepted.
[2 : mcmc] Learn + convergence test @ 600 samples accepted.
[2 : mcmc] Ready to check convergence and learn a new proposal covmat (waiting for the rest...)
[3 : mcmc] Progress @ 2025-04-19 17:34:03 : 2151 steps taken, and 611 accepted.
[2 : mcmc] Progress @ 2025-04-19 17:34:04 : 2142 steps taken, and 603 accepted.
[0 : mcmc] Progress @ 2025-04-19 17:34:30 : 2133 steps taken, and 566 accepted.
[1 : mcmc] Progress @ 2025-04-19 17:35:15 : 2153 steps taken, and 557 accepted.
[2 : mcmc] Progress @ 2025-04-19 17:36:10 : 2156 steps taken, and 607 accepted.
[3 : mcmc] Progress @ 2025-04-19 17:36:13 : 2165 steps taken, and 615 accepted.
[0 : mcmc] Progress @ 2025-04-19 17:36:31 : 2147 steps taken, and 573 accepted.
[1 : mcmc] Progress @ 2025-04-19 17:37:25 : 2167 steps taken, and 561 accepted.
[2 : mcmc] Progress @ 2025-04-19 17:38:15 : 2170 steps taken, and 613 accepted.
[3 : mcmc] Progress @ 2025-04-19 17:38:18 : 2179 steps taken, and 617 accepted.
[0 : mcmc] Progress @ 2025-04-19 17:38:41 : 2161 steps taken, and 579 accepted.
[1 : mcmc] Progress @ 2025-04-19 17:39:36 : 2182 steps taken, and 564 accepted.
[2 : mcmc] Progress @ 2025-04-19 17:40:20 : 2183 steps taken, and 619 accepted.
[3 : mcmc] Progress @ 2025-04-19 17:40:24 : 2193 steps taken, and 622 accepted.
[0 : mcmc] Progress @ 2025-04-19 17:40:46 : 2175 steps taken, and 584 accepted.
[1 : mcmc] Progress @ 2025-04-19 17:41:36 : 2195 steps taken, and 566 accepted.
[2 : mcmc] Progress @ 2025-04-19 17:42:24 : 2197 steps taken, and 623 accepted.
[3 : mcmc] Progress @ 2025-04-19 17:42:29 : 2207 steps taken, and 622 accepted.
[0 : mcmc] Progress @ 2025-04-19 17:42:50 : 2188 steps taken, and 589 accepted.
[1 : mcmc] Progress @ 2025-04-19 17:43:36 : 2208 steps taken, and 572 accepted.
[2 : mcmc] Progress @ 2025-04-19 17:44:25 : 2211 steps taken, and 629 accepted.
[3 : mcmc] Progress @ 2025-04-19 17:44:39 : 2221 steps taken, and 624 accepted.
[0 : mcmc] Progress @ 2025-04-19 17:44:51 : 2202 steps taken, and 593 accepted.
[1 : mcmc] Progress @ 2025-04-19 17:45:42 : 2222 steps taken, and 577 accepted.
[2 : mcmc] Progress @ 2025-04-19 17:46:25 : 2224 steps taken, and 632 accepted.
[3 : mcmc] Progress @ 2025-04-19 17:46:45 : 2235 steps taken, and 628 accepted.
[0 : mcmc] Progress @ 2025-04-19 17:46:56 : 2216 steps taken, and 599 accepted.
[1 : mcmc] Progress @ 2025-04-19 17:47:47 : 2235 steps taken, and 580 accepted.
[0 : mcmc] Learn + convergence test @ 600 samples accepted.
[0 : mcmc] Ready to check convergence and learn a new proposal covmat (waiting for the rest...)
[2 : mcmc] Progress @ 2025-04-19 17:48:35 : 2238 steps taken, and 636 accepted.
[3 : mcmc] Progress @ 2025-04-19 17:48:50 : 2249 steps taken, and 631 accepted.
[0 : mcmc] Progress @ 2025-04-19 17:49:00 : 2229 steps taken, and 602 accepted.
[1 : mcmc] Progress @ 2025-04-19 17:49:57 : 2250 steps taken, and 584 accepted.
[2 : mcmc] Progress @ 2025-04-19 17:50:46 : 2252 steps taken, and 641 accepted.
[3 : mcmc] Progress @ 2025-04-19 17:51:01 : 2263 steps taken, and 636 accepted.
[0 : mcmc] Progress @ 2025-04-19 17:51:01 : 2243 steps taken, and 605 accepted.
[1 : mcmc] Progress @ 2025-04-19 17:52:07 : 2264 steps taken, and 588 accepted.
[2 : mcmc] Progress @ 2025-04-19 17:52:46 : 2266 steps taken, and 644 accepted.
[3 : mcmc] Progress @ 2025-04-19 17:53:06 : 2277 steps taken, and 642 accepted.
[0 : mcmc] Progress @ 2025-04-19 17:53:12 : 2257 steps taken, and 608 accepted.
[1 : mcmc] Progress @ 2025-04-19 17:54:18 : 2279 steps taken, and 591 accepted.
[2 : mcmc] Progress @ 2025-04-19 17:54:57 : 2280 steps taken, and 651 accepted.
[3 : mcmc] Progress @ 2025-04-19 17:55:12 : 2291 steps taken, and 645 accepted.
[0 : mcmc] Progress @ 2025-04-19 17:55:12 : 2271 steps taken, and 613 accepted.
[1 : mcmc] Progress @ 2025-04-19 17:56:29 : 2293 steps taken, and 596 accepted.
[2 : mcmc] Progress @ 2025-04-19 17:56:57 : 2293 steps taken, and 657 accepted.
[3 : mcmc] Progress @ 2025-04-19 17:57:17 : 2305 steps taken, and 647 accepted.
[0 : mcmc] Progress @ 2025-04-19 17:57:17 : 2284 steps taken, and 620 accepted.
[2 : mcmc] Learn + convergence test @ 660 samples accepted.
[1 : mcmc] Learn + convergence test @ 600 samples accepted.
[1 : mcmc] Ready to check convergence and learn a new proposal covmat (waiting for the rest...)
[2 : mcmc] Progress @ 2025-04-19 17:59:02 : 2307 steps taken, and 662 accepted.
[0 : mcmc] Progress @ 2025-04-19 17:59:22 : 2298 steps taken, and 622 accepted.
[0 : mcmc] All chains are ready to check convergence and learn a new proposal covmat
[0 : mcmc]  - Acceptance rate: 0.300 = avg([0.2959, 0.2806, 0.3152, 0.3073])
[0 : mcmc]  - Convergence of means: R-1 = 0.151984 after 2535 accepted steps = sum([622, 600, 662, 651])
[0 : mcmc]  - Updated covariance matrix of proposal pdf.
[1 : mcmc] Progress @ 2025-04-19 17:59:28 : 2307 steps taken, and 601 accepted.
[3 : mcmc] Progress @ 2025-04-19 17:59:33 : 2319 steps taken, and 652 accepted.
[2 : mcmc] Progress @ 2025-04-19 18:01:11 : 2319 steps taken, and 665 accepted.
[0 : mcmc] Progress @ 2025-04-19 18:01:28 : 2312 steps taken, and 625 accepted.
[1 : mcmc] Progress @ 2025-04-19 18:01:28 : 2320 steps taken, and 604 accepted.
[3 : mcmc] Progress @ 2025-04-19 18:01:33 : 2332 steps taken, and 657 accepted.
[3 : mcmc] Learn + convergence test @ 660 samples accepted.
[3 : mcmc] Ready to check convergence and learn a new proposal covmat (waiting for the rest...)
[2 : mcmc] Progress @ 2025-04-19 18:03:17 : 2333 steps taken, and 669 accepted.
[0 : mcmc] Progress @ 2025-04-19 18:03:32 : 2325 steps taken, and 626 accepted.
[1 : mcmc] Progress @ 2025-04-19 18:03:39 : 2334 steps taken, and 608 accepted.
[3 : mcmc] Progress @ 2025-04-19 18:03:39 : 2346 steps taken, and 663 accepted.
[2 : mcmc] Progress @ 2025-04-19 18:05:22 : 2347 steps taken, and 673 accepted.
[0 : mcmc] Progress @ 2025-04-19 18:05:32 : 2339 steps taken, and 628 accepted.
[3 : mcmc] Progress @ 2025-04-19 18:05:39 : 2360 steps taken, and 666 accepted.
[1 : mcmc] Progress @ 2025-04-19 18:05:45 : 2348 steps taken, and 611 accepted.
[2 : mcmc] Progress @ 2025-04-19 18:07:32 : 2361 steps taken, and 677 accepted.
[0 : mcmc] Progress @ 2025-04-19 18:07:42 : 2353 steps taken, and 632 accepted.
[3 : mcmc] Progress @ 2025-04-19 18:07:44 : 2373 steps taken, and 671 accepted.
[1 : mcmc] Progress @ 2025-04-19 18:07:50 : 2361 steps taken, and 618 accepted.
[2 : mcmc] Progress @ 2025-04-19 18:09:37 : 2375 steps taken, and 681 accepted.
[0 : mcmc] Progress @ 2025-04-19 18:09:48 : 2367 steps taken, and 637 accepted.
[1 : mcmc] Progress @ 2025-04-19 18:09:51 : 2375 steps taken, and 621 accepted.
[3 : mcmc] Progress @ 2025-04-19 18:09:54 : 2387 steps taken, and 674 accepted.
[2 : mcmc] Progress @ 2025-04-19 18:11:47 : 2389 steps taken, and 686 accepted.
[1 : mcmc] Progress @ 2025-04-19 18:11:51 : 2388 steps taken, and 628 accepted.
[0 : mcmc] Progress @ 2025-04-19 18:11:53 : 2381 steps taken, and 640 accepted.
[3 : mcmc] Progress @ 2025-04-19 18:11:59 : 2401 steps taken, and 681 accepted.
[2 : mcmc] Progress @ 2025-04-19 18:13:52 : 2403 steps taken, and 688 accepted.
[1 : mcmc] Progress @ 2025-04-19 18:13:56 : 2402 steps taken, and 631 accepted.
[0 : mcmc] Progress @ 2025-04-19 18:14:04 : 2395 steps taken, and 647 accepted.
[3 : mcmc] Progress @ 2025-04-19 18:14:04 : 2415 steps taken, and 687 accepted.
[1 : mcmc] Progress @ 2025-04-19 18:16:01 : 2415 steps taken, and 635 accepted.
[2 : mcmc] Progress @ 2025-04-19 18:16:03 : 2417 steps taken, and 690 accepted.
[3 : mcmc] Progress @ 2025-04-19 18:16:09 : 2429 steps taken, and 690 accepted.
[0 : mcmc] Progress @ 2025-04-19 18:16:14 : 2409 steps taken, and 649 accepted.
[1 : mcmc] Progress @ 2025-04-19 18:18:06 : 2429 steps taken, and 639 accepted.
[2 : mcmc] Progress @ 2025-04-19 18:18:09 : 2431 steps taken, and 692 accepted.
[0 : mcmc] Progress @ 2025-04-19 18:18:15 : 2423 steps taken, and 656 accepted.
[3 : mcmc] Progress @ 2025-04-19 18:18:19 : 2443 steps taken, and 697 accepted.
[0 : mcmc] Learn + convergence test @ 660 samples accepted.
[0 : mcmc] Ready to check convergence and learn a new proposal covmat (waiting for the rest...)
[2 : mcmc] Progress @ 2025-04-19 18:20:09 : 2445 steps taken, and 698 accepted.
[1 : mcmc] Progress @ 2025-04-19 18:20:11 : 2443 steps taken, and 643 accepted.
[3 : mcmc] Progress @ 2025-04-19 18:20:24 : 2457 steps taken, and 699 accepted.
[0 : mcmc] Progress @ 2025-04-19 18:20:25 : 2437 steps taken, and 661 accepted.
[1 : mcmc] Progress @ 2025-04-19 18:22:11 : 2456 steps taken, and 646 accepted.
[2 : mcmc] Progress @ 2025-04-19 18:22:14 : 2458 steps taken, and 702 accepted.
[3 : mcmc] Progress @ 2025-04-19 18:22:30 : 2471 steps taken, and 705 accepted.
[0 : mcmc] Progress @ 2025-04-19 18:22:30 : 2451 steps taken, and 668 accepted.
[2 : mcmc] Progress @ 2025-04-19 18:24:19 : 2472 steps taken, and 703 accepted.
[1 : mcmc] Progress @ 2025-04-19 18:24:22 : 2471 steps taken, and 651 accepted.
[0 : mcmc] Progress @ 2025-04-19 18:24:35 : 2465 steps taken, and 671 accepted.
[3 : mcmc] Progress @ 2025-04-19 18:24:40 : 2485 steps taken, and 707 accepted.
[2 : mcmc] Progress @ 2025-04-19 18:26:29 : 2486 steps taken, and 709 accepted.
[1 : mcmc] Progress @ 2025-04-19 18:26:33 : 2485 steps taken, and 654 accepted.
[0 : mcmc] Progress @ 2025-04-19 18:26:45 : 2479 steps taken, and 672 accepted.
[3 : mcmc] Progress @ 2025-04-19 18:26:45 : 2499 steps taken, and 712 accepted.
[2 : mcmc] Progress @ 2025-04-19 18:28:40 : 2501 steps taken, and 714 accepted.
[1 : mcmc] Progress @ 2025-04-19 18:28:42 : 2499 steps taken, and 656 accepted.
[3 : mcmc] Progress @ 2025-04-19 18:28:50 : 2513 steps taken, and 718 accepted.
[0 : mcmc] Progress @ 2025-04-19 18:28:55 : 2493 steps taken, and 675 accepted.
[3 : mcmc] Learn + convergence test @ 720 samples accepted.
[1 : mcmc] Progress @ 2025-04-19 18:30:43 : 2513 steps taken, and 659 accepted.
[2 : mcmc] Progress @ 2025-04-19 18:30:51 : 2515 steps taken, and 717 accepted.
[0 : mcmc] Progress @ 2025-04-19 18:30:55 : 2507 steps taken, and 679 accepted.
[3 : mcmc] Progress @ 2025-04-19 18:31:00 : 2527 steps taken, and 724 accepted.
[1 : mcmc] Learn + convergence test @ 660 samples accepted.
[1 : mcmc] Ready to check convergence and learn a new proposal covmat (waiting for the rest...)
[2 : mcmc] Learn + convergence test @ 720 samples accepted.
[2 : mcmc] Ready to check convergence and learn a new proposal covmat (waiting for the rest...)
[0 : mcmc] All chains are ready to check convergence and learn a new proposal covmat
[1 : mcmc] Progress @ 2025-04-19 18:32:48 : 2527 steps taken, and 663 accepted.
[3 : mcmc] Progress @ 2025-04-19 18:33:05 : 2542 steps taken, and 725 accepted.
[0 : mcmc]  - Acceptance rate: 0.300 = avg([0.2939, 0.2799, 0.3074, 0.3165])
[0 : mcmc]  - Convergence of means: R-1 = 0.068124 after 2789 accepted steps = sum([680, 664, 720, 725])
[0 : mcmc]  - Updated covariance matrix of proposal pdf.
[0 : mcmc] Progress @ 2025-04-19 18:33:16 : 2518 steps taken, and 680 accepted.
[2 : mcmc] Progress @ 2025-04-19 18:33:16 : 2524 steps taken, and 720 accepted.
[1 : mcmc] Progress @ 2025-04-19 18:34:48 : 2539 steps taken, and 665 accepted.
[3 : mcmc] Progress @ 2025-04-19 18:35:10 : 2556 steps taken, and 729 accepted.
[0 : mcmc] Progress @ 2025-04-19 18:35:16 : 2531 steps taken, and 685 accepted.
[2 : mcmc] Progress @ 2025-04-19 18:35:16 : 2538 steps taken, and 723 accepted.
[1 : mcmc] Progress @ 2025-04-19 18:36:54 : 2553 steps taken, and 670 accepted.
[3 : mcmc] Progress @ 2025-04-19 18:37:15 : 2570 steps taken, and 733 accepted.
[2 : mcmc] Progress @ 2025-04-19 18:37:17 : 2551 steps taken, and 725 accepted.
[0 : mcmc] Progress @ 2025-04-19 18:37:22 : 2545 steps taken, and 689 accepted.
[1 : mcmc] Progress @ 2025-04-19 18:38:59 : 2567 steps taken, and 671 accepted.
[2 : mcmc] Progress @ 2025-04-19 18:39:22 : 2565 steps taken, and 728 accepted.
[0 : mcmc] Progress @ 2025-04-19 18:39:22 : 2559 steps taken, and 694 accepted.
[3 : mcmc] Progress @ 2025-04-19 18:39:25 : 2584 steps taken, and 738 accepted.
[1 : mcmc] Progress @ 2025-04-19 18:41:04 : 2581 steps taken, and 674 accepted.
[0 : mcmc] Progress @ 2025-04-19 18:41:23 : 2572 steps taken, and 696 accepted.
[2 : mcmc] Progress @ 2025-04-19 18:41:28 : 2579 steps taken, and 732 accepted.
[3 : mcmc] Progress @ 2025-04-19 18:41:31 : 2598 steps taken, and 746 accepted.
[1 : mcmc] Progress @ 2025-04-19 18:43:10 : 2595 steps taken, and 680 accepted.
[0 : mcmc] Progress @ 2025-04-19 18:43:27 : 2585 steps taken, and 701 accepted.
[2 : mcmc] Progress @ 2025-04-19 18:43:38 : 2593 steps taken, and 738 accepted.
[3 : mcmc] Progress @ 2025-04-19 18:43:40 : 2612 steps taken, and 748 accepted.
[1 : mcmc] Progress @ 2025-04-19 18:45:19 : 2609 steps taken, and 684 accepted.
[0 : mcmc] Progress @ 2025-04-19 18:45:33 : 2599 steps taken, and 704 accepted.
[2 : mcmc] Progress @ 2025-04-19 18:45:44 : 2607 steps taken, and 744 accepted.
[3 : mcmc] Progress @ 2025-04-19 18:45:45 : 2626 steps taken, and 753 accepted.
[1 : mcmc] Progress @ 2025-04-19 18:47:29 : 2623 steps taken, and 687 accepted.
[0 : mcmc] Progress @ 2025-04-19 18:47:38 : 2613 steps taken, and 710 accepted.
[2 : mcmc] Progress @ 2025-04-19 18:47:49 : 2621 steps taken, and 748 accepted.
[3 : mcmc] Progress @ 2025-04-19 18:47:50 : 2640 steps taken, and 756 accepted.
[1 : mcmc] Progress @ 2025-04-19 18:49:35 : 2637 steps taken, and 690 accepted.
[0 : mcmc] Progress @ 2025-04-19 18:49:47 : 2627 steps taken, and 715 accepted.
[2 : mcmc] Progress @ 2025-04-19 18:50:00 : 2635 steps taken, and 754 accepted.
[3 : mcmc] Progress @ 2025-04-19 18:50:00 : 2654 steps taken, and 762 accepted.
[0 : mcmc] Learn + convergence test @ 720 samples accepted.
[0 : mcmc] Ready to check convergence and learn a new proposal covmat (waiting for the rest...)
[1 : mcmc] Progress @ 2025-04-19 18:51:40 : 2651 steps taken, and 696 accepted.
[0 : mcmc] Progress @ 2025-04-19 18:51:48 : 2641 steps taken, and 723 accepted.
[2 : mcmc] Progress @ 2025-04-19 18:52:00 : 2649 steps taken, and 756 accepted.
[3 : mcmc] Progress @ 2025-04-19 18:52:05 : 2668 steps taken, and 767 accepted.
[1 : mcmc] Progress @ 2025-04-19 18:53:51 : 2665 steps taken, and 702 accepted.
[0 : mcmc] Progress @ 2025-04-19 18:53:53 : 2655 steps taken, and 728 accepted.
[3 : mcmc] Progress @ 2025-04-19 18:54:10 : 2682 steps taken, and 771 accepted.
[2 : mcmc] Progress @ 2025-04-19 18:54:11 : 2664 steps taken, and 760 accepted.
[1 : mcmc] Progress @ 2025-04-19 18:55:56 : 2679 steps taken, and 706 accepted.
[0 : mcmc] Progress @ 2025-04-19 18:56:03 : 2669 steps taken, and 732 accepted.
[2 : mcmc] Progress @ 2025-04-19 18:56:16 : 2678 steps taken, and 762 accepted.
[3 : mcmc] Progress @ 2025-04-19 18:56:20 : 2696 steps taken, and 777 accepted.
[1 : mcmc] Progress @ 2025-04-19 18:58:01 : 2693 steps taken, and 708 accepted.
[0 : mcmc] Progress @ 2025-04-19 18:58:14 : 2683 steps taken, and 738 accepted.
[3 : mcmc] Progress @ 2025-04-19 18:58:20 : 2710 steps taken, and 779 accepted.
[2 : mcmc] Progress @ 2025-04-19 18:58:21 : 2691 steps taken, and 763 accepted.
[3 : mcmc] Learn + convergence test @ 780 samples accepted.
[3 : mcmc] Ready to check convergence and learn a new proposal covmat (waiting for the rest...)
[1 : mcmc] Progress @ 2025-04-19 19:00:11 : 2707 steps taken, and 710 accepted.
[0 : mcmc] Progress @ 2025-04-19 19:00:19 : 2697 steps taken, and 741 accepted.
[2 : mcmc] Progress @ 2025-04-19 19:00:21 : 2705 steps taken, and 769 accepted.
[3 : mcmc] Progress @ 2025-04-19 19:00:30 : 2724 steps taken, and 784 accepted.
[1 : mcmc] Progress @ 2025-04-19 19:02:16 : 2721 steps taken, and 714 accepted.
[0 : mcmc] Progress @ 2025-04-19 19:02:30 : 2711 steps taken, and 744 accepted.
[2 : mcmc] Progress @ 2025-04-19 19:02:32 : 2719 steps taken, and 775 accepted.
[3 : mcmc] Progress @ 2025-04-19 19:02:41 : 2738 steps taken, and 787 accepted.
[2 : mcmc] Learn + convergence test @ 780 samples accepted.
[2 : mcmc] Ready to check convergence and learn a new proposal covmat (waiting for the rest...)
[1 : mcmc] Progress @ 2025-04-19 19:04:21 : 2735 steps taken, and 719 accepted.
[1 : mcmc] Learn + convergence test @ 720 samples accepted.
[1 : mcmc] Ready to check convergence and learn a new proposal covmat (waiting for the rest...)
[0 : mcmc] Progress @ 2025-04-19 19:04:40 : 2726 steps taken, and 748 accepted.
[2 : mcmc] Progress @ 2025-04-19 19:04:42 : 2733 steps taken, and 781 accepted.
[3 : mcmc] Progress @ 2025-04-19 19:04:46 : 2752 steps taken, and 790 accepted.
[0 : mcmc] All chains are ready to check convergence and learn a new proposal covmat
[0 : mcmc]  - Acceptance rate: 0.299 = avg([0.3049, 0.2763, 0.3015, 0.3108])
[0 : mcmc]  - Convergence of means: R-1 = 0.084934 after 3042 accepted steps = sum([749, 720, 782, 791])
[0 : mcmc]  - Updated covariance matrix of proposal pdf.
[1 : mcmc] Progress @ 2025-04-19 19:06:24 : 2744 steps taken, and 721 accepted.
[0 : mcmc] Progress @ 2025-04-19 19:06:40 : 2739 steps taken, and 753 accepted.
[2 : mcmc] Progress @ 2025-04-19 19:06:46 : 2746 steps taken, and 784 accepted.
[3 : mcmc] Progress @ 2025-04-19 19:06:52 : 2765 steps taken, and 795 accepted.
[1 : mcmc] Progress @ 2025-04-19 19:08:24 : 2758 steps taken, and 724 accepted.
[0 : mcmc] Progress @ 2025-04-19 19:08:41 : 2752 steps taken, and 759 accepted.
[2 : mcmc] Progress @ 2025-04-19 19:08:52 : 2760 steps taken, and 788 accepted.
[3 : mcmc] Progress @ 2025-04-19 19:08:52 : 2778 steps taken, and 802 accepted.
[1 : mcmc] Progress @ 2025-04-19 19:10:28 : 2771 steps taken, and 725 accepted.
[0 : mcmc] Progress @ 2025-04-19 19:10:46 : 2766 steps taken, and 763 accepted.
[2 : mcmc] Progress @ 2025-04-19 19:10:58 : 2774 steps taken, and 792 accepted.
[3 : mcmc] Progress @ 2025-04-19 19:11:03 : 2792 steps taken, and 806 accepted.
[1 : mcmc] Progress @ 2025-04-19 19:12:29 : 2785 steps taken, and 729 accepted.
[0 : mcmc] Progress @ 2025-04-19 19:12:51 : 2781 steps taken, and 770 accepted.
[2 : mcmc] Progress @ 2025-04-19 19:13:02 : 2787 steps taken, and 795 accepted.
[3 : mcmc] Progress @ 2025-04-19 19:13:08 : 2806 steps taken, and 812 accepted.
[1 : mcmc] Progress @ 2025-04-19 19:14:39 : 2799 steps taken, and 734 accepted.
[0 : mcmc] Progress @ 2025-04-19 19:15:01 : 2795 steps taken, and 773 accepted.
[2 : mcmc] Progress @ 2025-04-19 19:15:13 : 2802 steps taken, and 799 accepted.
[3 : mcmc] Progress @ 2025-04-19 19:15:14 : 2820 steps taken, and 815 accepted.
[1 : mcmc] Progress @ 2025-04-19 19:16:45 : 2813 steps taken, and 738 accepted.
[0 : mcmc] Progress @ 2025-04-19 19:17:08 : 2809 steps taken, and 778 accepted.
[3 : mcmc] Progress @ 2025-04-19 19:17:14 : 2833 steps taken, and 821 accepted.
[2 : mcmc] Progress @ 2025-04-19 19:17:18 : 2816 steps taken, and 804 accepted.
[0 : mcmc] Learn + convergence test @ 780 samples accepted.
[0 : mcmc] Ready to check convergence and learn a new proposal covmat (waiting for the rest...)
[1 : mcmc] Progress @ 2025-04-19 19:18:51 : 2827 steps taken, and 743 accepted.
[0 : mcmc] Progress @ 2025-04-19 19:19:13 : 2823 steps taken, and 782 accepted.
[3 : mcmc] Progress @ 2025-04-19 19:19:15 : 2847 steps taken, and 825 accepted.
[2 : mcmc] Progress @ 2025-04-19 19:19:18 : 2829 steps taken, and 806 accepted.
[1 : mcmc] Progress @ 2025-04-19 19:20:55 : 2840 steps taken, and 747 accepted.
[0 : mcmc] Progress @ 2025-04-19 19:21:13 : 2836 steps taken, and 783 accepted.
[2 : mcmc] Progress @ 2025-04-19 19:21:23 : 2842 steps taken, and 811 accepted.
[3 : mcmc] Progress @ 2025-04-19 19:21:24 : 2860 steps taken, and 830 accepted.
[1 : mcmc] Progress @ 2025-04-19 19:22:56 : 2854 steps taken, and 751 accepted.
[0 : mcmc] Progress @ 2025-04-19 19:23:19 : 2850 steps taken, and 788 accepted.
[2 : mcmc] Progress @ 2025-04-19 19:23:24 : 2856 steps taken, and 818 accepted.
[3 : mcmc] Progress @ 2025-04-19 19:23:25 : 2874 steps taken, and 839 accepted.
[3 : mcmc] Learn + convergence test @ 840 samples accepted.
[3 : mcmc] Ready to check convergence and learn a new proposal covmat (waiting for the rest...)
[1 : mcmc] Progress @ 2025-04-19 19:25:06 : 2868 steps taken, and 757 accepted.
[0 : mcmc] Progress @ 2025-04-19 19:25:24 : 2864 steps taken, and 790 accepted.
[2 : mcmc] Progress @ 2025-04-19 19:25:30 : 2870 steps taken, and 824 accepted.
[3 : mcmc] Progress @ 2025-04-19 19:25:35 : 2888 steps taken, and 846 accepted.
[1 : mcmc] Progress @ 2025-04-19 19:27:07 : 2881 steps taken, and 760 accepted.
[0 : mcmc] Progress @ 2025-04-19 19:27:34 : 2878 steps taken, and 795 accepted.
[2 : mcmc] Progress @ 2025-04-19 19:27:36 : 2884 steps taken, and 830 accepted.
[3 : mcmc] Progress @ 2025-04-19 19:27:41 : 2902 steps taken, and 852 accepted.
[1 : mcmc] Progress @ 2025-04-19 19:29:12 : 2895 steps taken, and 762 accepted.
[0 : mcmc] Progress @ 2025-04-19 19:29:39 : 2892 steps taken, and 797 accepted.
[3 : mcmc] Progress @ 2025-04-19 19:29:46 : 2916 steps taken, and 858 accepted.
[2 : mcmc] Progress @ 2025-04-19 19:29:46 : 2898 steps taken, and 832 accepted.
[1 : mcmc] Progress @ 2025-04-19 19:31:17 : 2909 steps taken, and 768 accepted.
[0 : mcmc] Progress @ 2025-04-19 19:31:49 : 2906 steps taken, and 801 accepted.
[3 : mcmc] Progress @ 2025-04-19 19:31:51 : 2930 steps taken, and 863 accepted.
[2 : mcmc] Progress @ 2025-04-19 19:31:57 : 2912 steps taken, and 835 accepted.
[1 : mcmc] Progress @ 2025-04-19 19:33:28 : 2923 steps taken, and 772 accepted.
[0 : mcmc] Progress @ 2025-04-19 19:33:54 : 2920 steps taken, and 807 accepted.
[3 : mcmc] Progress @ 2025-04-19 19:34:01 : 2944 steps taken, and 865 accepted.
[2 : mcmc] Progress @ 2025-04-19 19:34:02 : 2926 steps taken, and 839 accepted.
[2 : mcmc] Learn + convergence test @ 840 samples accepted.
[2 : mcmc] Ready to check convergence and learn a new proposal covmat (waiting for the rest...)
[1 : mcmc] Progress @ 2025-04-19 19:35:28 : 2936 steps taken, and 779 accepted.
[1 : mcmc] Learn + convergence test @ 780 samples accepted.
[1 : mcmc] Ready to check convergence and learn a new proposal covmat (waiting for the rest...)
[0 : mcmc] Progress @ 2025-04-19 19:35:59 : 2934 steps taken, and 810 accepted.
[3 : mcmc] Progress @ 2025-04-19 19:36:07 : 2958 steps taken, and 867 accepted.
[2 : mcmc] Progress @ 2025-04-19 19:36:08 : 2940 steps taken, and 847 accepted.
[0 : mcmc] All chains are ready to check convergence and learn a new proposal covmat
[0 : mcmc]  - Acceptance rate: 0.303 = avg([0.3092, 0.2788, 0.3031, 0.3177])
[0 : mcmc]  - Convergence of means: R-1 = 0.046363 after 3306 accepted steps = sum([811, 780, 847, 868])
[0 : mcmc]  - Updated covariance matrix of proposal pdf.
[1 : mcmc] Progress @ 2025-04-19 19:37:33 : 2945 steps taken, and 780 accepted.
[0 : mcmc] Progress @ 2025-04-19 19:38:00 : 2945 steps taken, and 813 accepted.
[3 : mcmc] Progress @ 2025-04-19 19:38:12 : 2972 steps taken, and 872 accepted.
[2 : mcmc] Progress @ 2025-04-19 19:38:16 : 2950 steps taken, and 849 accepted.
[1 : mcmc] Progress @ 2025-04-19 19:39:38 : 2959 steps taken, and 786 accepted.
[0 : mcmc] Progress @ 2025-04-19 19:40:10 : 2959 steps taken, and 819 accepted.
[2 : mcmc] Progress @ 2025-04-19 19:40:17 : 2964 steps taken, and 857 accepted.
[3 : mcmc] Progress @ 2025-04-19 19:40:17 : 2986 steps taken, and 875 accepted.
[1 : mcmc] Progress @ 2025-04-19 19:41:39 : 2972 steps taken, and 789 accepted.
[0 : mcmc] Progress @ 2025-04-19 19:42:10 : 2973 steps taken, and 822 accepted.
[2 : mcmc] Progress @ 2025-04-19 19:42:22 : 2978 steps taken, and 865 accepted.
[3 : mcmc] Progress @ 2025-04-19 19:42:27 : 3000 steps taken, and 878 accepted.
[1 : mcmc] Progress @ 2025-04-19 19:43:39 : 2986 steps taken, and 792 accepted.
[0 : mcmc] Progress @ 2025-04-19 19:44:15 : 2986 steps taken, and 823 accepted.
[2 : mcmc] Progress @ 2025-04-19 19:44:27 : 2991 steps taken, and 868 accepted.
[3 : mcmc] Progress @ 2025-04-19 19:44:32 : 3014 steps taken, and 880 accepted.
[1 : mcmc] Progress @ 2025-04-19 19:45:49 : 3000 steps taken, and 793 accepted.
[0 : mcmc] Progress @ 2025-04-19 19:46:21 : 3000 steps taken, and 826 accepted.
[2 : mcmc] Progress @ 2025-04-19 19:46:28 : 3005 steps taken, and 873 accepted.
[3 : mcmc] Progress @ 2025-04-19 19:46:32 : 3027 steps taken, and 885 accepted.
[1 : mcmc] Progress @ 2025-04-19 19:47:55 : 3014 steps taken, and 803 accepted.
[0 : mcmc] Progress @ 2025-04-19 19:48:22 : 3013 steps taken, and 830 accepted.
[2 : mcmc] Progress @ 2025-04-19 19:48:28 : 3018 steps taken, and 879 accepted.
[3 : mcmc] Progress @ 2025-04-19 19:48:39 : 3041 steps taken, and 887 accepted.
[1 : mcmc] Progress @ 2025-04-19 19:49:55 : 3027 steps taken, and 804 accepted.
[0 : mcmc] Progress @ 2025-04-19 19:50:28 : 3027 steps taken, and 834 accepted.
[2 : mcmc] Progress @ 2025-04-19 19:50:34 : 3032 steps taken, and 882 accepted.
[3 : mcmc] Progress @ 2025-04-19 19:50:39 : 3054 steps taken, and 888 accepted.
[1 : mcmc] Progress @ 2025-04-19 19:52:00 : 3041 steps taken, and 811 accepted.
[0 : mcmc] Progress @ 2025-04-19 19:52:34 : 3041 steps taken, and 837 accepted.
[3 : mcmc] Progress @ 2025-04-19 19:52:45 : 3068 steps taken, and 892 accepted.
[2 : mcmc] Progress @ 2025-04-19 19:52:45 : 3046 steps taken, and 884 accepted.
[0 : mcmc] Learn + convergence test @ 840 samples accepted.
[0 : mcmc] Ready to check convergence and learn a new proposal covmat (waiting for the rest...)
[1 : mcmc] Progress @ 2025-04-19 19:54:10 : 3055 steps taken, and 815 accepted.
[0 : mcmc] Progress @ 2025-04-19 19:54:40 : 3055 steps taken, and 843 accepted.
[2 : mcmc] Progress @ 2025-04-19 19:54:51 : 3060 steps taken, and 889 accepted.
[3 : mcmc] Progress @ 2025-04-19 19:54:55 : 3082 steps taken, and 897 accepted.
[1 : mcmc] Progress @ 2025-04-19 19:56:17 : 3069 steps taken, and 819 accepted.
[0 : mcmc] Progress @ 2025-04-19 19:56:40 : 3068 steps taken, and 846 accepted.
[3 : mcmc] Learn + convergence test @ 900 samples accepted.
[3 : mcmc] Ready to check convergence and learn a new proposal covmat (waiting for the rest...)
[3 : mcmc] Progress @ 2025-04-19 19:57:01 : 3096 steps taken, and 900 accepted.
[2 : mcmc] Progress @ 2025-04-19 19:57:01 : 3074 steps taken, and 893 accepted.
[1 : mcmc] Progress @ 2025-04-19 19:58:22 : 3083 steps taken, and 824 accepted.
[0 : mcmc] Progress @ 2025-04-19 19:58:45 : 3082 steps taken, and 851 accepted.
[3 : mcmc] Progress @ 2025-04-19 19:59:01 : 3109 steps taken, and 904 accepted.
[2 : mcmc] Progress @ 2025-04-19 19:59:07 : 3088 steps taken, and 895 accepted.
[1 : mcmc] Progress @ 2025-04-19 20:00:23 : 3096 steps taken, and 828 accepted.
[0 : mcmc] Progress @ 2025-04-19 20:00:51 : 3095 steps taken, and 852 accepted.
[3 : mcmc] Progress @ 2025-04-19 20:01:01 : 3122 steps taken, and 906 accepted.
[2 : mcmc] Learn + convergence test @ 900 samples accepted.
[2 : mcmc] Ready to check convergence and learn a new proposal covmat (waiting for the rest...)
[2 : mcmc] Progress @ 2025-04-19 20:01:12 : 3102 steps taken, and 900 accepted.
[1 : mcmc] Progress @ 2025-04-19 20:02:23 : 3109 steps taken, and 829 accepted.
[0 : mcmc] Progress @ 2025-04-19 20:02:56 : 3109 steps taken, and 856 accepted.
[3 : mcmc] Progress @ 2025-04-19 20:03:06 : 3136 steps taken, and 912 accepted.
[2 : mcmc] Progress @ 2025-04-19 20:03:23 : 3116 steps taken, and 902 accepted.
[1 : mcmc] Progress @ 2025-04-19 20:04:28 : 3123 steps taken, and 834 accepted.
[0 : mcmc] Progress @ 2025-04-19 20:05:01 : 3123 steps taken, and 858 accepted.
[3 : mcmc] Progress @ 2025-04-19 20:05:11 : 3150 steps taken, and 914 accepted.
[2 : mcmc] Progress @ 2025-04-19 20:05:23 : 3130 steps taken, and 906 accepted.
[1 : mcmc] Progress @ 2025-04-19 20:06:34 : 3137 steps taken, and 839 accepted.
[1 : mcmc] Learn + convergence test @ 840 samples accepted.
[1 : mcmc] Ready to check convergence and learn a new proposal covmat (waiting for the rest...)
[0 : mcmc] Progress @ 2025-04-19 20:07:11 : 3137 steps taken, and 864 accepted.
[0 : mcmc] All chains are ready to check convergence and learn a new proposal covmat
[3 : mcmc] Progress @ 2025-04-19 20:07:16 : 3164 steps taken, and 916 accepted.
[2 : mcmc] Progress @ 2025-04-19 20:07:27 : 3143 steps taken, and 910 accepted.
[0 : mcmc]  - Acceptance rate: 0.300 = avg([0.3042, 0.2832, 0.3074, 0.3044])
[0 : mcmc]  - Convergence of means: R-1 = 0.035360 after 3531 accepted steps = sum([864, 840, 910, 917])
[0 : mcmc]  - Convergence of bounds: R-1 = 0.140235 after 3531 accepted steps = sum([864, 840, 910, 917])
[0 : mcmc] The run has converged!
[0 : mcmc] Sampling complete after 3531 accepted steps.
[0m[0m[0m[0m
------------------------------------------------------------
Sender: LSF System <lsfadmin@jlab07.ge.infn.it>
Subject: Job 336120: <act_pl_desi> in cluster <infnge> Done

Job <act_pl_desi> was submitted from host <farmuisl7.ge.infn.it> by user <mraveri> in cluster <infnge>.
Job was executed on host(s) <16*jlab07.ge.infn.it>, in queue <long>, as user <mraveri> in cluster <infnge>.
</home/mraveri> was used as the home directory.
</home/mraveri/projects/andrea/tesi_magistrale/lcdm/act_planck_desidr2> was used as the working directory.
Started at Sat Apr 19 12:04:05 2025
Results reported on Sat Apr 19 20:08:15 2025

Your job looked like:

------------------------------------------------------------
# LSBATCH: User input
#!/bin/bash

#BSUB -J act_pl_desi               # Job name
#BSUB -M 64000                     # Memory limit (64GB)
#BSUB -R "rusage[mem=64000]"       # Resource request
#BSUB -q long                      # Queue
#BSUB -o act_planck_desidr2.out    # Output log
#BSUB -e act_planck_desidr2.err    # Error log
#BSUB -n 16                        # Total cores

# Set number of threads per chain (OMP = threads for linear algebra, etc.)
export OMP_NUM_THREADS=4

# Run Cobaya with MPI (4 chains using 4 threads each = 16 total cores)
mpirun -np 4 cobaya-run act_planck_desidr2.yaml
------------------------------------------------------------

Successfully completed.

Resource usage summary:

    CPU time :                                   219828.80 sec.
    Max Memory :                                 2591 MB
    Average Memory :                             2512.40 MB
    Total Requested Memory :                     64000.00 MB
    Delta Memory :                               61409.00 MB
    Max Swap :                                   2 MB
    Max Processes :                              8
    Max Threads :                                31

The output (if any) is above this job summary.



PS:

Read file <act_planck_desidr2.err> for stderr output of this job.

